Archive member included to satisfy reference by file (symbol)

c:/stm/eclipse/eclipse/plugins/fr.ac6.mcu.externaltools.arm-none.win32_1.13.2.201703061525/tools/compiler/bin/../lib/gcc/arm-none-eabi/5.4.1/armv7e-m/fpu\libgcc.a(_arm_addsubdf3.o)
                              Drivers/Components/sx1276/sx1276.o (__aeabi_dadd)
c:/stm/eclipse/eclipse/plugins/fr.ac6.mcu.externaltools.arm-none.win32_1.13.2.201703061525/tools/compiler/bin/../lib/gcc/arm-none-eabi/5.4.1/armv7e-m/fpu\libgcc.a(_arm_muldivdf3.o)
                              Drivers/Components/sx1276/sx1276.o (__aeabi_dmul)
c:/stm/eclipse/eclipse/plugins/fr.ac6.mcu.externaltools.arm-none.win32_1.13.2.201703061525/tools/compiler/bin/../lib/gcc/arm-none-eabi/5.4.1/armv7e-m/fpu\libgcc.a(_arm_cmpdf2.o)
                              Drivers/Components/sx1276/sx1276.o (__aeabi_dcmpgt)
c:/stm/eclipse/eclipse/plugins/fr.ac6.mcu.externaltools.arm-none.win32_1.13.2.201703061525/tools/compiler/bin/../lib/gcc/arm-none-eabi/5.4.1/armv7e-m/fpu\libgcc.a(_arm_fixunsdfsi.o)
                              Drivers/Components/sx1276/sx1276.o (__aeabi_d2uiz)
c:/stm/eclipse/eclipse/plugins/fr.ac6.mcu.externaltools.arm-none.win32_1.13.2.201703061525/tools/compiler/bin/../lib/gcc/arm-none-eabi/5.4.1/armv7e-m/fpu\libgcc.a(_aeabi_uldivmod.o)
                              Drivers/HW/Src/hw_rtc.o (__aeabi_uldivmod)
c:/stm/eclipse/eclipse/plugins/fr.ac6.mcu.externaltools.arm-none.win32_1.13.2.201703061525/tools/compiler/bin/../lib/gcc/arm-none-eabi/5.4.1/armv7e-m/fpu\libgcc.a(_udivmoddi4.o)
                              c:/stm/eclipse/eclipse/plugins/fr.ac6.mcu.externaltools.arm-none.win32_1.13.2.201703061525/tools/compiler/bin/../lib/gcc/arm-none-eabi/5.4.1/armv7e-m/fpu\libgcc.a(_aeabi_uldivmod.o) (__udivmoddi4)
c:/stm/eclipse/eclipse/plugins/fr.ac6.mcu.externaltools.arm-none.win32_1.13.2.201703061525/tools/compiler/bin/../lib/gcc/arm-none-eabi/5.4.1/armv7e-m/fpu\libgcc.a(_dvmd_tls.o)
                              c:/stm/eclipse/eclipse/plugins/fr.ac6.mcu.externaltools.arm-none.win32_1.13.2.201703061525/tools/compiler/bin/../lib/gcc/arm-none-eabi/5.4.1/armv7e-m/fpu\libgcc.a(_aeabi_uldivmod.o) (__aeabi_ldiv0)
c:/stm/eclipse/eclipse/plugins/fr.ac6.mcu.externaltools.arm-none.win32_1.13.2.201703061525/tools/compiler/bin/../lib/gcc/arm-none-eabi/5.4.1/../../../../arm-none-eabi/lib/armv7e-m/fpu\libc_nano.a(lib_a-exit.o)
                              c:/stm/eclipse/eclipse/plugins/fr.ac6.mcu.externaltools.arm-none.win32_1.13.2.201703061525/tools/compiler/bin/../lib/gcc/arm-none-eabi/5.4.1/../../../../arm-none-eabi/lib/armv7e-m/fpu/crt0.o (exit)
c:/stm/eclipse/eclipse/plugins/fr.ac6.mcu.externaltools.arm-none.win32_1.13.2.201703061525/tools/compiler/bin/../lib/gcc/arm-none-eabi/5.4.1/../../../../arm-none-eabi/lib/armv7e-m/fpu\libc_nano.a(lib_a-impure.o)
                              c:/stm/eclipse/eclipse/plugins/fr.ac6.mcu.externaltools.arm-none.win32_1.13.2.201703061525/tools/compiler/bin/../lib/gcc/arm-none-eabi/5.4.1/../../../../arm-none-eabi/lib/armv7e-m/fpu\libc_nano.a(lib_a-exit.o) (_global_impure_ptr)
c:/stm/eclipse/eclipse/plugins/fr.ac6.mcu.externaltools.arm-none.win32_1.13.2.201703061525/tools/compiler/bin/../lib/gcc/arm-none-eabi/5.4.1/../../../../arm-none-eabi/lib/armv7e-m/fpu\libc_nano.a(lib_a-init.o)
                              c:/stm/eclipse/eclipse/plugins/fr.ac6.mcu.externaltools.arm-none.win32_1.13.2.201703061525/tools/compiler/bin/../lib/gcc/arm-none-eabi/5.4.1/../../../../arm-none-eabi/lib/armv7e-m/fpu/crt0.o (__libc_init_array)
c:/stm/eclipse/eclipse/plugins/fr.ac6.mcu.externaltools.arm-none.win32_1.13.2.201703061525/tools/compiler/bin/../lib/gcc/arm-none-eabi/5.4.1/../../../../arm-none-eabi/lib/armv7e-m/fpu\libc_nano.a(lib_a-memcpy-stub.o)
                              Drivers/HW/Src/vcom.o (memcpy)
c:/stm/eclipse/eclipse/plugins/fr.ac6.mcu.externaltools.arm-none.win32_1.13.2.201703061525/tools/compiler/bin/../lib/gcc/arm-none-eabi/5.4.1/../../../../arm-none-eabi/lib/armv7e-m/fpu\libc_nano.a(lib_a-memset.o)
                              c:/stm/eclipse/eclipse/plugins/fr.ac6.mcu.externaltools.arm-none.win32_1.13.2.201703061525/tools/compiler/bin/../lib/gcc/arm-none-eabi/5.4.1/../../../../arm-none-eabi/lib/armv7e-m/fpu/crt0.o (memset)
c:/stm/eclipse/eclipse/plugins/fr.ac6.mcu.externaltools.arm-none.win32_1.13.2.201703061525/tools/compiler/bin/../lib/gcc/arm-none-eabi/5.4.1/../../../../arm-none-eabi/lib/armv7e-m/fpu\libc_nano.a(lib_a-vsprintf.o)
                              Drivers/HW/Src/vcom.o (vsprintf)
c:/stm/eclipse/eclipse/plugins/fr.ac6.mcu.externaltools.arm-none.win32_1.13.2.201703061525/tools/compiler/bin/../lib/gcc/arm-none-eabi/5.4.1/../../../../arm-none-eabi/lib/armv7e-m/fpu\libc_nano.a(lib_a-nano-svfprintf.o)
[...]
Memory Configuration

Name             Origin             Length             Attributes
RAM              0x20000000         0x00004000         xrw
FLASH            0x08000000         0x00010000         xr
*default*        0x00000000         0xffffffff

Linker script and memory map

LOAD c:/stm/eclipse/eclipse/plugins/fr.ac6.mcu.externaltools.arm-none.win32_1.13.2.201703061525/tools/compiler/bin/../lib/gcc/arm-none-eabi/5.4.1/armv7e-m/fpu/crti.o
LOAD c:/stm/eclipse/eclipse/plugins/fr.ac6.mcu.externaltools.arm-none.win32_1.13.2.201703061525/tools/compiler/bin/../lib/gcc/arm-none-eabi/5.4.1/armv7e-m/fpu/crtbegin.o
LOAD c:/stm/eclipse/eclipse/plugins/fr.ac6.mcu.externaltools.arm-none.win32_1.13.2.201703061525/tools/compiler/bin/../lib/gcc/arm-none-eabi/5.4.1/../../../../arm-none-eabi/lib/armv7e-m/fpu/crt0.o
LOAD c:/stm/eclipse/eclipse/plugins/fr.ac6.mcu.externaltools.arm-none.win32_1.13.2.201703061525/tools/compiler/bin/../lib/gcc/arm-none-eabi/5.4.1/../../../../arm-none-eabi/lib/armv7e-m/fpu\libm.a
LOAD Drivers/Components/sx1276/sx1276.o
LOAD Drivers/Components/sx1276mb1las/sx1276mb1las.o
LOAD Drivers/HW/Src/debug.o
LOAD Drivers/HW/Src/hw_gpio.o
LOAD Drivers/HW/Src/hw_rtc.o
LOAD Drivers/HW/Src/hw_spi.o
LOAD Drivers/HW/Src/stm32f3xx_hw.o
LOAD Drivers/HW/Src/vcom.o
LOAD Drivers/STM32F3xx_HAL_Driver/Src/stm32f3xx_hal.o
LOAD Drivers/STM32F3xx_HAL_Driver/Src/stm32f3xx_hal_can.o
LOAD Drivers/STM32F3xx_HAL_Driver/Src/stm32f3xx_hal_cortex.o
LOAD Drivers/STM32F3xx_HAL_Driver/Src/stm32f3xx_hal_dma.o
LOAD Drivers/STM32F3xx_HAL_Driver/Src/stm32f3xx_hal_flash.o
LOAD Drivers/STM32F3xx_HAL_Driver/Src/stm32f3xx_hal_flash_ex.o
LOAD Drivers/STM32F3xx_HAL_Driver/Src/stm32f3xx_hal_gpio.o
LOAD Drivers/STM32F3xx_HAL_Driver/Src/stm32f3xx_hal_i2c.o
LOAD Drivers/STM32F3xx_HAL_Driver/Src/stm32f3xx_hal_i2c_ex.o
LOAD Drivers/STM32F3xx_HAL_Driver/Src/stm32f3xx_hal_pwr.o
LOAD Drivers/STM32F3xx_HAL_Driver/Src/stm32f3xx_hal_pwr_ex.o
LOAD Drivers/STM32F3xx_HAL_Driver/Src/stm32f3xx_hal_rcc.o
LOAD Drivers/STM32F3xx_HAL_Driver/Src/stm32f3xx_hal_rcc_ex.o
LOAD Drivers/STM32F3xx_HAL_Driver/Src/stm32f3xx_hal_rtc.o
LOAD Drivers/STM32F3xx_HAL_Driver/Src/stm32f3xx_hal_rtc_ex.o
LOAD Drivers/STM32F3xx_HAL_Driver/Src/stm32f3xx_hal_spi.o
LOAD Drivers/STM32F3xx_HAL_Driver/Src/stm32f3xx_hal_spi_ex.o
LOAD Drivers/STM32F3xx_HAL_Driver/Src/stm32f3xx_hal_tim.o
LOAD Drivers/STM32F3xx_HAL_Driver/Src/stm32f3xx_hal_tim_ex.o
LOAD Drivers/STM32F3xx_HAL_Driver/Src/stm32f3xx_hal_uart.o
LOAD Drivers/STM32F3xx_HAL_Driver/Src/stm32f3xx_hal_uart_ex.o
LOAD Lora/Utilities/delay.o
LOAD Lora/Utilities/low_power.o
LOAD Lora/Utilities/timeServer.o
LOAD Lora/Utilities/utilities.o
LOAD Src/main.o
LOAD Src/modem.o
LOAD Src/stm32f3xx_hal_msp.o
LOAD Src/stm32f3xx_it.o
LOAD Src/system_stm32f3xx.o
LOAD startup/startup_stm32f302x8.o
START GROUP
LOAD c:/stm/eclipse/eclipse/plugins/fr.ac6.mcu.externaltools.arm-none.win32_1.13.2.201703061525/tools/compiler/bin/../lib/gcc/arm-none-eabi/5.4.1/armv7e-m/fpu\libgcc.a
LOAD c:/stm/eclipse/eclipse/plugins/fr.ac6.mcu.externaltools.arm-none.win32_1.13.2.201703061525/tools/compiler/bin/../lib/gcc/arm-none-eabi/5.4.1/../../../../arm-none-eabi/lib/armv7e-m/fpu\libc_nano.a
END GROUP
START GROUP
LOAD c:/stm/eclipse/eclipse/plugins/fr.ac6.mcu.externaltools.arm-none.win32_1.13.2.201703061525/tools/compiler/bin/../lib/gcc/arm-none-eabi/5.4.1/armv7e-m/fpu\libgcc.a
LOAD c:/stm/eclipse/eclipse/plugins/fr.ac6.mcu.externaltools.arm-none.win32_1.13.2.201703061525/tools/compiler/bin/../lib/gcc/arm-none-eabi/5.4.1/../../../../arm-none-eabi/lib/armv7e-m/fpu\libc_nano.a
LOAD c:/stm/eclipse/eclipse/plugins/fr.ac6.mcu.externaltools.arm-none.win32_1.13.2.201703061525/tools/compiler/bin/../lib/gcc/arm-none-eabi/5.4.1/../../../../arm-none-eabi/lib/armv7e-m/fpu\libnosys.a
END GROUP
START GROUP
LOAD c:/stm/eclipse/eclipse/plugins/fr.ac6.mcu.externaltools.arm-none.win32_1.13.2.201703061525/tools/compiler/bin/../lib/gcc/arm-none-eabi/5.4.1/armv7e-m/fpu\libgcc.a
LOAD c:/stm/eclipse/eclipse/plugins/fr.ac6.mcu.externaltools.arm-none.win32_1.13.2.201703061525/tools/compiler/bin/../lib/gcc/arm-none-eabi/5.4.1/../../../../arm-none-eabi/lib/armv7e-m/fpu\libc_nano.a
LOAD c:/stm/eclipse/eclipse/plugins/fr.ac6.mcu.externaltools.arm-none.win32_1.13.2.201703061525/tools/compiler/bin/../lib/gcc/arm-none-eabi/5.4.1/../../../../arm-none-eabi/lib/armv7e-m/fpu\libnosys.a
END GROUP
LOAD c:/stm/eclipse/eclipse/plugins/fr.ac6.mcu.externaltools.arm-none.win32_1.13.2.201703061525/tools/compiler/bin/../lib/gcc/arm-none-eabi/5.4.1/armv7e-m/fpu/crtend.o
LOAD c:/stm/eclipse/eclipse/plugins/fr.ac6.mcu.externaltools.arm-none.win32_1.13.2.201703061525/tools/compiler/bin/../lib/gcc/arm-none-eabi/5.4.1/armv7e-m/fpu/crtn.o
                0x20004000                _estack = 0x20004000
                0x00000200                _Min_Heap_Size = 0x200
                0x00000400                _Min_Stack_Size = 0x400

.isr_vector     0x08000000      0x188
                0x08000000                . = ALIGN (0x4)
 *(.isr_vector)
 .isr_vector    0x08000000      0x188 startup/startup_stm32f302x8.o
                0x08000000                g_pfnVectors
                0x08000188                . = ALIGN (0x4)

.text           0x08000188     0x6050
                0x08000188                . = ALIGN (0x4)
 *(.text)
 .text          0x08000188       0x5c c:/stm/eclipse/eclipse/plugins/fr.ac6.mcu.externaltools.arm-none.win32_1.13.2.201703061525/tools/compiler/bin/../lib/gcc/arm-none-eabi/5.4.1/armv7e-m/fpu/crtbegin.o
 .text          0x080001e4      0x370 c:/stm/eclipse/eclipse/plugins/fr.ac6.mcu.externaltools.arm-none.win32_1.13.2.201703061525/tools/compiler/bin/../lib/gcc/arm-none-eabi/5.4.1/armv7e-m/fpu\libgcc.a(_arm_addsubdf3.o)
                0x080001e4                __aeabi_drsub
                0x080001ec                __aeabi_dsub
                0x080001ec                __subdf3
                0x080001f0                __aeabi_dadd
                0x080001f0                __adddf3
                0x08000468                __floatunsidf
                0x08000468                __aeabi_ui2d
                0x08000488                __floatsidf
                0x08000488                __aeabi_i2d
                0x080004ac                __aeabi_f2d
                0x080004ac                __extendsfdf2
                0x080004e8                __floatundidf
                0x080004e8                __aeabi_ul2d
                0x080004f8                __floatdidf
                0x080004f8                __aeabi_l2d
 .text          0x08000554      0x424 c:/stm/eclipse/eclipse/plugins/fr.ac6.mcu.externaltools.arm-none.win32_1.13.2.201703061525/tools/compiler/bin/../lib/gcc/arm-none-eabi/5.4.1/armv7e-m/fpu\libgcc.a(_arm_muldivdf3.o)
                0x08000554                __aeabi_dmul
                0x08000554                __muldf3
                0x080007a8                __divdf3
                0x080007a8                __aeabi_ddiv
 .text          0x08000978      0x110 c:/stm/eclipse/eclipse/plugins/fr.ac6.mcu.externaltools.arm-none.win32_1.13.2.201703061525/tools/compiler/bin/../lib/gcc/arm-none-eabi/5.4.1/armv7e-m/fpu\libgcc.a(_arm_cmpdf2.o)
                0x08000978                __gtdf2
                0x08000978                __gedf2
                0x08000980                __ltdf2
                0x08000980                __ledf2
                0x08000988                __nedf2
                0x08000988                __eqdf2
                0x08000988                __cmpdf2
                0x08000a04                __aeabi_cdrcmple
                0x08000a14                __aeabi_cdcmpeq
                0x08000a14                __aeabi_cdcmple
                0x08000a24                __aeabi_dcmpeq
                0x08000a38                __aeabi_dcmplt
                0x08000a4c                __aeabi_dcmple
                0x08000a60                __aeabi_dcmpge
                0x08000a74                __aeabi_dcmpgt
 .text          0x08000a88       0x40 c:/stm/eclipse/eclipse/plugins/fr.ac6.mcu.externaltools.arm-none.win32_1.13.2.201703061525/tools/compiler/bin/../lib/gcc/arm-none-eabi/5.4.1/armv7e-m/fpu\libgcc.a(_arm_fixunsdfsi.o)
                0x08000a88                __aeabi_d2uiz
                0x08000a88                __fixunsdfsi
 .text          0x08000ac8       0x30 c:/stm/eclipse/eclipse/plugins/fr.ac6.mcu.externaltools.arm-none.win32_1.13.2.201703061525/tools/compiler/bin/../lib/gcc/arm-none-eabi/5.4.1/armv7e-m/fpu\libgcc.a(_aeabi_uldivmod.o)
                0x08000ac8                __aeabi_uldivmod
 .text          0x08000af8      0x2e4 c:/stm/eclipse/eclipse/plugins/fr.ac6.mcu.externaltools.arm-none.win32_1.13.2.201703061525/tools/compiler/bin/../lib/gcc/arm-none-eabi/5.4.1/armv7e-m/fpu\libgcc.a(_udivmoddi4.o)
                0x08000af8                __udivmoddi4
 .text          0x08000ddc        0x4 c:/stm/eclipse/eclipse/plugins/fr.ac6.mcu.externaltools.arm-none.win32_1.13.2.201703061525/tools/compiler/bin/../lib/gcc/arm-none-eabi/5.4.1/armv7e-m/fpu\libgcc.a(_dvmd_tls.o)
                0x08000ddc                __aeabi_idiv0
                0x08000ddc                __aeabi_ldiv0
 *(.text*)
 .text.GetFskBandwidthRegValue
                0x08000de0       0x3c Drivers/Components/sx1276/sx1276.o
 .text.SX1276OnDio4Irq
                0x08000e1c       0x1c Drivers/Components/sx1276/sx1276.o
                0x08000e1c                SX1276OnDio4Irq
 .text.SX1276BoardInit
                0x08000e38        0xc Drivers/Components/sx1276/sx1276.o
                0x08000e38                SX1276BoardInit
 .text.SX1276GetStatus
                0x08000e44        0xc Drivers/Components/sx1276/sx1276.o
                0x08000e44                SX1276GetStatus
 .text.SX1276Reset
                0x08000e50       0x50 Drivers/Components/sx1276/sx1276.o
                0x08000e50                SX1276Reset
 .text.SX1276WriteBuffer
                0x08000ea0       0x40 Drivers/Components/sx1276/sx1276.o
                0x08000ea0                SX1276WriteBuffer
 .text.SX1276Write
                0x08000ee0       0x18 Drivers/Components/sx1276/sx1276.o
                0x08000ee0                SX1276Write
 .text.SX1276SetChannel
                0x08000ef8       0x50 Drivers/Components/sx1276/sx1276.o
                0x08000ef8                SX1276SetChannel
 .text.SX1276ReadBuffer
                0x08000f48       0x44 Drivers/Components/sx1276/sx1276.o
                0x08000f48                SX1276ReadBuffer
 .text.SX1276Read
                0x08000f8c       0x18 Drivers/Components/sx1276/sx1276.o
                0x08000f8c                SX1276Read
 .text.RxChainCalibration
                0x08000fa4       0x70 Drivers/Components/sx1276/sx1276.o
 *fill*         0x08001014        0x4 
 .text.SX1276GetTimeOnAir
                0x08001018      0x244 Drivers/Components/sx1276/sx1276.o
                0x08001018                SX1276GetTimeOnAir
 .text.SX1276ReadRssi
                0x0800125c       0x4c Drivers/Components/sx1276/sx1276.o
                0x0800125c                SX1276ReadRssi
 .text.SX1276SetOpMode
                0x080012a8       0x68 Drivers/Components/sx1276/sx1276.o
                0x080012a8                SX1276SetOpMode
 .text.SX1276SetSleep
                0x08001310       0x28 Drivers/Components/sx1276/sx1276.o
                0x08001310                SX1276SetSleep
 .text.SX1276SetStby
                0x08001338       0x28 Drivers/Components/sx1276/sx1276.o
                0x08001338                SX1276SetStby
 .text.SX1276SetRx
                0x08001360      0x258 Drivers/Components/sx1276/sx1276.o
                0x08001360                SX1276SetRx
 .text.SX1276SetTx
                0x080015b8       0xac Drivers/Components/sx1276/sx1276.o
                0x080015b8                SX1276SetTx
 .text.SX1276StartCad
                0x08001664       0x34 Drivers/Components/sx1276/sx1276.o
                0x08001664                SX1276StartCad
 .text.SX1276SetModem
                0x08001698       0x6c Drivers/Components/sx1276/sx1276.o
                0x08001698                SX1276SetModem
 .text.SX1276Init
                0x08001704       0xa0 Drivers/Components/sx1276/sx1276.o
                0x08001704                SX1276Init
 .text.SX1276IsChannelFree
                0x080017a4       0x38 Drivers/Components/sx1276/sx1276.o
                0x080017a4                SX1276IsChannelFree
 .text.SX1276SetSyncWord
                0x080017dc       0x20 Drivers/Components/sx1276/sx1276.o
                0x080017dc                SX1276SetSyncWord
 .text.SX1276Random
                0x080017fc       0x40 Drivers/Components/sx1276/sx1276.o
                0x080017fc                SX1276Random
 *fill*         0x0800183c        0x4 
 .text.SX1276SetRxConfig
                0x08001840      0x304 Drivers/Components/sx1276/sx1276.o
                0x08001840                SX1276SetRxConfig
 *fill*         0x08001b44        0x4 
 .text.SX1276SetTxConfig
                0x08001b48      0x268 Drivers/Components/sx1276/sx1276.o
                0x08001b48                SX1276SetTxConfig
 .text.SX1276SetTxContinuousWave
                0x08001db0       0x94 Drivers/Components/sx1276/sx1276.o
                0x08001db0                SX1276SetTxContinuousWave
 .text.SX1276OnTimeoutIrq
                0x08001e44       0xdc Drivers/Components/sx1276/sx1276.o
                0x08001e44                SX1276OnTimeoutIrq
 .text.SX1276OnDio2Irq
                0x08001f20       0xe4 Drivers/Components/sx1276/sx1276.o
                0x08001f20                SX1276OnDio2Irq
 .text.SX1276OnDio3Irq
                0x08002004       0x54 Drivers/Components/sx1276/sx1276.o
                0x08002004                SX1276OnDio3Irq
 .text.SX1276WriteFifo
                0x08002058       0x10 Drivers/Components/sx1276/sx1276.o
                0x08002058                SX1276WriteFifo
 .text.SX1276Send
                0x08002068      0x114 Drivers/Components/sx1276/sx1276.o
                0x08002068                SX1276Send
 .text.SX1276ReadFifo
                0x0800217c       0x10 Drivers/Components/sx1276/sx1276.o
                0x0800217c                SX1276ReadFifo
 .text.SX1276OnDio0Irq
                0x0800218c      0x2b4 Drivers/Components/sx1276/sx1276.o
                0x0800218c                SX1276OnDio0Irq
 .text.SX1276OnDio1Irq
                0x08002440       0xf8 Drivers/Components/sx1276/sx1276.o
                0x08002440                SX1276OnDio1Irq
 .text.SX1276SetMaxPayloadLength
                0x08002538       0x34 Drivers/Components/sx1276/sx1276.o
                0x08002538                SX1276SetMaxPayloadLength
 .text.SX1276GetRadioWakeUpTime
                0x0800256c       0x14 Drivers/Components/sx1276/sx1276.o
                0x0800256c                SX1276GetRadioWakeUpTime
 .text.SX1276GetWakeTime
                0x08002580        0x4 Drivers/Components/sx1276mb1las/sx1276mb1las.o
                0x08002580                SX1276GetWakeTime
 .text.SX1276SetXO
                0x08002584        0x4 Drivers/Components/sx1276mb1las/sx1276mb1las.o
                0x08002584                SX1276SetXO
 .text.SX1276SetAntSwLowPower
                0x08002588       0x14 Drivers/Components/sx1276mb1las/sx1276mb1las.o
                0x08002588                SX1276SetAntSwLowPower
 .text.SX1276SetAntSw
                0x0800259c        0x4 Drivers/Components/sx1276mb1las/sx1276mb1las.o
                0x0800259c                SX1276SetAntSw
 .text.SX1276CheckRfFrequency
                0x080025a0        0x4 Drivers/Components/sx1276mb1las/sx1276mb1las.o
                0x080025a0                SX1276CheckRfFrequency
 .text.SX1276IoInit
                0x080025a4       0x60 Drivers/Components/sx1276mb1las/sx1276mb1las.o
                0x080025a4                SX1276IoInit
 .text.SX1276IoDeInit
                0x08002604       0x50 Drivers/Components/sx1276mb1las/sx1276mb1las.o
                0x08002604                SX1276IoDeInit
 .text.SX1276IoIrqInit
                0x08002654       0x40 Drivers/Components/sx1276mb1las/sx1276mb1las.o
                0x08002654                SX1276IoIrqInit
 .text.SX1276GetPaSelect
                0x08002694        0x4 Drivers/Components/sx1276mb1las/sx1276mb1las.o
                0x08002694                SX1276GetPaSelect
 .text.SX1276SetRfTxPower
                0x08002698       0xb8 Drivers/Components/sx1276mb1las/sx1276mb1las.o
                0x08002698                SX1276SetRfTxPower
 .text.HW_GPIO_GetBitPos
                0x08002750       0x40 Drivers/HW/Src/hw_gpio.o
 .text.HW_GPIO_Init
                0x08002790       0x88 Drivers/HW/Src/hw_gpio.o
                0x08002790                HW_GPIO_Init
 .text.HW_GPIO_SetIrq
                0x08002818       0x34 Drivers/HW/Src/hw_gpio.o
                0x08002818                HW_GPIO_SetIrq
 .text.HW_GPIO_IrqHandler
                0x0800284c       0x18 Drivers/HW/Src/hw_gpio.o
                0x0800284c                HW_GPIO_IrqHandler
 .text.HW_GPIO_Write
                0x08002864        0xc Drivers/HW/Src/hw_gpio.o
                0x08002864                HW_GPIO_Write
 .text.HW_RTC_SetConfig
                0x08002870       0x74 Drivers/HW/Src/hw_rtc.o
 .text.HW_RTC_SetAlarmConfig
                0x080028e4       0x14 Drivers/HW/Src/hw_rtc.o
 .text.HW_RTC_GetCalendarValue
                0x080028f8       0xa4 Drivers/HW/Src/hw_rtc.o
 .text.HW_RTC_GetMinimumTimeout
                0x0800299c        0x4 Drivers/HW/Src/hw_rtc.o
                0x0800299c                HW_RTC_GetMinimumTimeout
 .text.HW_RTC_ms2Tick
                0x080029a0       0x14 Drivers/HW/Src/hw_rtc.o
                0x080029a0                HW_RTC_ms2Tick
 .text.HW_RTC_GetTimerElapsedTime
                0x080029b4       0x1c Drivers/HW/Src/hw_rtc.o
                0x080029b4                HW_RTC_GetTimerElapsedTime
 .text.HW_RTC_GetTimerValue
                0x080029d0       0x14 Drivers/HW/Src/hw_rtc.o
                0x080029d0                HW_RTC_GetTimerValue
 .text.HW_RTC_StopAlarm
                0x080029e4       0x20 Drivers/HW/Src/hw_rtc.o
                0x080029e4                HW_RTC_StopAlarm
 .text.HW_RTC_StartWakeUpAlarm
                0x08002a04      0x144 Drivers/HW/Src/hw_rtc.o
 .text.HW_RTC_SetAlarm
                0x08002b48       0x44 Drivers/HW/Src/hw_rtc.o
                0x08002b48                HW_RTC_SetAlarm
 .text.HW_RTC_IrqHandler
                0x08002b8c       0x40 Drivers/HW/Src/hw_rtc.o
                0x08002b8c                HW_RTC_IrqHandler
 .text.HW_RTC_DelayMs
                0x08002bcc       0x20 Drivers/HW/Src/hw_rtc.o
                0x08002bcc                HW_RTC_DelayMs
 .text.HW_RTC_SetTimerContext
                0x08002bec       0x18 Drivers/HW/Src/hw_rtc.o
                0x08002bec                HW_RTC_SetTimerContext
 .text.HW_RTC_Init
                0x08002c04       0x24 Drivers/HW/Src/hw_rtc.o
                0x08002c04                HW_RTC_Init
 .text.SpiFrequency
                0x08002c28       0x44 Drivers/HW/Src/hw_spi.o
 .text.HW_SPI_Init
                0x08002c6c       0xb8 Drivers/HW/Src/hw_spi.o
                0x08002c6c                HW_SPI_Init
 .text.HW_SPI_InOut
                0x08002d24       0x2c Drivers/HW/Src/hw_spi.o
                0x08002d24                HW_SPI_InOut
 .text.HW_Init  0x08002d50       0x28 Drivers/HW/Src/stm32f3xx_hw.o
                0x08002d50                HW_Init
 .text.HAL_InitTick
                0x08002d78       0x2c Drivers/STM32F3xx_HAL_Driver/Src/stm32f3xx_hal.o
                0x08002d78                HAL_InitTick
 .text.HAL_Init
                0x08002da4       0x24 Drivers/STM32F3xx_HAL_Driver/Src/stm32f3xx_hal.o
                0x08002da4                HAL_Init
 .text.HAL_IncTick
                0x08002dc8       0x10 Drivers/STM32F3xx_HAL_Driver/Src/stm32f3xx_hal.o
                0x08002dc8                HAL_IncTick
 .text.HAL_GetTick
                0x08002dd8        0xc Drivers/STM32F3xx_HAL_Driver/Src/stm32f3xx_hal.o
                0x08002dd8                HAL_GetTick
 .text.HAL_CAN_Init
                0x08002de4      0x188 Drivers/STM32F3xx_HAL_Driver/Src/stm32f3xx_hal_can.o
                0x08002de4                HAL_CAN_Init
 .text.HAL_NVIC_SetPriorityGrouping
                0x08002f6c       0x24 Drivers/STM32F3xx_HAL_Driver/Src/stm32f3xx_hal_cortex.o
                0x08002f6c                HAL_NVIC_SetPriorityGrouping
 .text.HAL_NVIC_SetPriority
                0x08002f90       0x64 Drivers/STM32F3xx_HAL_Driver/Src/stm32f3xx_hal_cortex.o
                0x08002f90                HAL_NVIC_SetPriority
 .text.HAL_NVIC_EnableIRQ
                0x08002ff4       0x18 Drivers/STM32F3xx_HAL_Driver/Src/stm32f3xx_hal_cortex.o
                0x08002ff4                HAL_NVIC_EnableIRQ
 .text.HAL_SYSTICK_Config
                0x0800300c       0x2c Drivers/STM32F3xx_HAL_Driver/Src/stm32f3xx_hal_cortex.o
                0x0800300c                HAL_SYSTICK_Config
 .text.HAL_SYSTICK_CLKSourceConfig
                0x08003038       0x20 Drivers/STM32F3xx_HAL_Driver/Src/stm32f3xx_hal_cortex.o
                0x08003038                HAL_SYSTICK_CLKSourceConfig
 .text.HAL_SYSTICK_Callback
                0x08003058        0x4 Drivers/STM32F3xx_HAL_Driver/Src/stm32f3xx_hal_cortex.o
                0x08003058                HAL_SYSTICK_Callback
 .text.HAL_SYSTICK_IRQHandler
                0x0800305c        0x8 Drivers/STM32F3xx_HAL_Driver/Src/stm32f3xx_hal_cortex.o
                0x0800305c                HAL_SYSTICK_IRQHandler
 .text.DMA_CalcBaseAndBitshift
                0x08003064       0x24 Drivers/STM32F3xx_HAL_Driver/Src/stm32f3xx_hal_dma.o
 .text.HAL_DMA_Init
                0x08003088       0x58 Drivers/STM32F3xx_HAL_Driver/Src/stm32f3xx_hal_dma.o
                0x08003088                HAL_DMA_Init
 .text.HAL_DMA_Abort_IT
                0x080030e0       0x4c Drivers/STM32F3xx_HAL_Driver/Src/stm32f3xx_hal_dma.o
                0x080030e0                HAL_DMA_Abort_IT
 .text.HAL_DMA_IRQHandler
                0x0800312c       0xb4 Drivers/STM32F3xx_HAL_Driver/Src/stm32f3xx_hal_dma.o
                0x0800312c                HAL_DMA_IRQHandler
 .text.HAL_GPIO_Init
                0x080031e0      0x188 Drivers/STM32F3xx_HAL_Driver/Src/stm32f3xx_hal_gpio.o
                0x080031e0                HAL_GPIO_Init
 .text.HAL_GPIO_WritePin
                0x08003368        0xc Drivers/STM32F3xx_HAL_Driver/Src/stm32f3xx_hal_gpio.o
                0x08003368                HAL_GPIO_WritePin
 .text.HAL_GPIO_EXTI_IRQHandler
                0x08003374       0x18 Drivers/STM32F3xx_HAL_Driver/Src/stm32f3xx_hal_gpio.o
                0x08003374                HAL_GPIO_EXTI_IRQHandler
 .text.HAL_I2C_Init
                0x0800338c       0xbc Drivers/STM32F3xx_HAL_Driver/Src/stm32f3xx_hal_i2c.o
                0x0800338c                HAL_I2C_Init
 .text.HAL_I2CEx_ConfigAnalogFilter
                0x08003448       0x5c Drivers/STM32F3xx_HAL_Driver/Src/stm32f3xx_hal_i2c_ex.o
                0x08003448                HAL_I2CEx_ConfigAnalogFilter
 .text.HAL_I2CEx_ConfigDigitalFilter
                0x080034a4       0x58 Drivers/STM32F3xx_HAL_Driver/Src/stm32f3xx_hal_i2c_ex.o
                0x080034a4                HAL_I2CEx_ConfigDigitalFilter
 .text.HAL_RCC_OscConfig
                0x080034fc      0x620 Drivers/STM32F3xx_HAL_Driver/Src/stm32f3xx_hal_rcc.o
                0x080034fc                HAL_RCC_OscConfig
 .text.HAL_RCC_GetSysClockFreq
                0x08003b1c       0x74 Drivers/STM32F3xx_HAL_Driver/Src/stm32f3xx_hal_rcc.o
                0x08003b1c                HAL_RCC_GetSysClockFreq
 .text.HAL_RCC_ClockConfig
                0x08003b90      0x1e4 Drivers/STM32F3xx_HAL_Driver/Src/stm32f3xx_hal_rcc.o
                0x08003b90                HAL_RCC_ClockConfig
 .text.HAL_RCC_GetHCLKFreq
                0x08003d74        0xc Drivers/STM32F3xx_HAL_Driver/Src/stm32f3xx_hal_rcc.o
                0x08003d74                HAL_RCC_GetHCLKFreq
 .text.HAL_RCC_GetPCLK1Freq
                0x08003d80       0x30 Drivers/STM32F3xx_HAL_Driver/Src/stm32f3xx_hal_rcc.o
                0x08003d80                HAL_RCC_GetPCLK1Freq
 .text.HAL_RCC_GetPCLK2Freq
                0x08003db0       0x30 Drivers/STM32F3xx_HAL_Driver/Src/stm32f3xx_hal_rcc.o
                0x08003db0                HAL_RCC_GetPCLK2Freq
 .text.HAL_RCCEx_PeriphCLKConfig
                0x08003de0      0x238 Drivers/STM32F3xx_HAL_Driver/Src/stm32f3xx_hal_rcc_ex.o
                0x08003de0                HAL_RCCEx_PeriphCLKConfig
 .text.HAL_RTC_DeactivateAlarm
                0x08004018       0xc0 Drivers/STM32F3xx_HAL_Driver/Src/stm32f3xx_hal_rtc.o
                0x08004018                HAL_RTC_DeactivateAlarm
 .text.HAL_RTC_AlarmAEventCallback
                0x080040d8        0x4 Drivers/STM32F3xx_HAL_Driver/Src/stm32f3xx_hal_rtc.o
                0x080040d8                HAL_RTC_AlarmAEventCallback
 .text.HAL_RTC_WaitForSynchro
                0x080040dc       0x34 Drivers/STM32F3xx_HAL_Driver/Src/stm32f3xx_hal_rtc.o
                0x080040dc                HAL_RTC_WaitForSynchro
 .text.RTC_EnterInitMode
                0x08004110       0x40 Drivers/STM32F3xx_HAL_Driver/Src/stm32f3xx_hal_rtc.o
                0x08004110                RTC_EnterInitMode
 .text.HAL_RTC_Init
                0x08004150       0xc4 Drivers/STM32F3xx_HAL_Driver/Src/stm32f3xx_hal_rtc.o
                0x08004150                HAL_RTC_Init
 .text.RTC_ByteToBcd2
                0x08004214       0x18 Drivers/STM32F3xx_HAL_Driver/Src/stm32f3xx_hal_rtc.o
                0x08004214                RTC_ByteToBcd2
 .text.HAL_RTC_SetTime
                0x0800422c       0xf8 Drivers/STM32F3xx_HAL_Driver/Src/stm32f3xx_hal_rtc.o
                0x0800422c                HAL_RTC_SetTime
 .text.HAL_RTC_SetDate
                0x08004324       0xd8 Drivers/STM32F3xx_HAL_Driver/Src/stm32f3xx_hal_rtc.o
                0x08004324                HAL_RTC_SetDate
 .text.HAL_RTC_SetAlarm_IT
                0x080043fc      0x190 Drivers/STM32F3xx_HAL_Driver/Src/stm32f3xx_hal_rtc.o
                0x080043fc                HAL_RTC_SetAlarm_IT
 .text.RTC_Bcd2ToByte
                0x0800458c       0x14 Drivers/STM32F3xx_HAL_Driver/Src/stm32f3xx_hal_rtc.o
                0x0800458c                RTC_Bcd2ToByte
 .text.HAL_RTC_GetTime
                0x080045a0       0x58 Drivers/STM32F3xx_HAL_Driver/Src/stm32f3xx_hal_rtc.o
                0x080045a0                HAL_RTC_GetTime
 .text.HAL_RTC_GetDate
                0x080045f8       0x44 Drivers/STM32F3xx_HAL_Driver/Src/stm32f3xx_hal_rtc.o
                0x080045f8                HAL_RTC_GetDate
 .text.HAL_RTCEx_EnableBypassShadow
                0x0800463c       0x38 Drivers/STM32F3xx_HAL_Driver/Src/stm32f3xx_hal_rtc_ex.o
                0x0800463c                HAL_RTCEx_EnableBypassShadow
 .text.SPI_WaitFlagStateUntilTimeout
                0x08004674       0x90 Drivers/STM32F3xx_HAL_Driver/Src/stm32f3xx_hal_spi.o
 .text.SPI_WaitFifoStateUntilTimeout
                0x08004704       0x9c Drivers/STM32F3xx_HAL_Driver/Src/stm32f3xx_hal_spi.o
 .text.SPI_EndRxTxTransaction
                0x080047a0       0x68 Drivers/STM32F3xx_HAL_Driver/Src/stm32f3xx_hal_spi.o
 .text.HAL_SPI_Init
                0x08004808       0xbc Drivers/STM32F3xx_HAL_Driver/Src/stm32f3xx_hal_spi.o
                0x08004808                HAL_SPI_Init
 .text.HAL_SPI_TransmitReceive
                0x080048c4      0x2cc Drivers/STM32F3xx_HAL_Driver/Src/stm32f3xx_hal_spi.o
                0x080048c4                HAL_SPI_TransmitReceive
 .text.UART_EndRxTransfer
                0x08004b90       0x1c Drivers/STM32F3xx_HAL_Driver/Src/stm32f3xx_hal_uart.o
 .text.HAL_UART_Transmit_IT
                0x08004bac       0x4c Drivers/STM32F3xx_HAL_Driver/Src/stm32f3xx_hal_uart.o
                0x08004bac                HAL_UART_Transmit_IT
 .text.HAL_UART_RxCpltCallback
                0x08004bf8        0x4 Drivers/STM32F3xx_HAL_Driver/Src/stm32f3xx_hal_uart.o
                0x08004bf8                HAL_UART_RxCpltCallback
 .text.HAL_UART_ErrorCallback
                0x08004bfc        0x4 Drivers/STM32F3xx_HAL_Driver/Src/stm32f3xx_hal_uart.o
                0x08004bfc                HAL_UART_ErrorCallback
 .text.UART_DMAAbortOnError
                0x08004c00       0x14 Drivers/STM32F3xx_HAL_Driver/Src/stm32f3xx_hal_uart.o
 .text.UART_SetConfig
                0x08004c14      0x1b0 Drivers/STM32F3xx_HAL_Driver/Src/stm32f3xx_hal_uart.o
                0x08004c14                UART_SetConfig
 .text.UART_AdvFeatureConfig
                0x08004dc4       0xc8 Drivers/STM32F3xx_HAL_Driver/Src/stm32f3xx_hal_uart.o
                0x08004dc4                UART_AdvFeatureConfig
 .text.UART_WaitOnFlagUntilTimeout
                0x08004e8c       0x68 Drivers/STM32F3xx_HAL_Driver/Src/stm32f3xx_hal_uart.o
                0x08004e8c                UART_WaitOnFlagUntilTimeout
 .text.UART_CheckIdleState
                0x08004ef4       0x6c Drivers/STM32F3xx_HAL_Driver/Src/stm32f3xx_hal_uart.o
                0x08004ef4                UART_CheckIdleState
 .text.HAL_UART_Init
                0x08004f60       0x6c Drivers/STM32F3xx_HAL_Driver/Src/stm32f3xx_hal_uart.o
                0x08004f60                HAL_UART_Init
 .text.UART_Transmit_IT
                0x08004fcc       0x6c Drivers/STM32F3xx_HAL_Driver/Src/stm32f3xx_hal_uart.o
                0x08004fcc                UART_Transmit_IT
 .text.UART_EndTransmit_IT
                0x08005038       0x1c Drivers/STM32F3xx_HAL_Driver/Src/stm32f3xx_hal_uart.o
                0x08005038                UART_EndTransmit_IT
 .text.UART_Receive_IT
                0x08005054       0x80 Drivers/STM32F3xx_HAL_Driver/Src/stm32f3xx_hal_uart.o
                0x08005054                UART_Receive_IT
 .text.HAL_UART_IRQHandler
                0x080050d4      0x158 Drivers/STM32F3xx_HAL_Driver/Src/stm32f3xx_hal_uart.o
                0x080050d4                HAL_UART_IRQHandler
 .text.HAL_UARTEx_WakeupCallback
                0x0800522c        0x4 Drivers/STM32F3xx_HAL_Driver/Src/stm32f3xx_hal_uart_ex.o
                0x0800522c                HAL_UARTEx_WakeupCallback
 .text.DelayMs  0x08005230        0x8 Lora/Utilities/delay.o
                0x08005230                DelayMs
 .text.LowPower_Disable
                0x08005238       0x18 Lora/Utilities/low_power.o
                0x08005238                LowPower_Disable
 .text.LowPower_Enable
                0x08005250       0x1c Lora/Utilities/low_power.o
                0x08005250                LowPower_Enable
 .text.LowPower_GetState
                0x0800526c        0xc Lora/Utilities/low_power.o
                0x0800526c                LowPower_GetState
 .text.TimerInsertTimer
                0x08005278       0x34 Lora/Utilities/timeServer.o
 .text.TimerExists
                0x080052ac       0x1c Lora/Utilities/timeServer.o
 .text.TimerSetTimeout
                0x080052c8       0x2c Lora/Utilities/timeServer.o
 .text.TimerInsertNewHeadTimer
                0x080052f4       0x1c Lora/Utilities/timeServer.o
 .text.TimerInit
                0x08005310       0x10 Lora/Utilities/timeServer.o
                0x08005310                TimerInit
 .text.TimerStart
                0x08005320       0x60 Lora/Utilities/timeServer.o
                0x08005320                TimerStart
 .text.TimerStop
                0x08005380       0x78 Lora/Utilities/timeServer.o
                0x08005380                TimerStop
 .text.TimerSetValue
                0x080053f8       0x24 Lora/Utilities/timeServer.o
                0x080053f8                TimerSetValue
 .text.memcpy1  0x0800541c       0x18 Lora/Utilities/utilities.o
                0x0800541c                memcpy1
 .text.MX_GPIO_Init
                0x08005434       0x84 Src/main.o
 .text.MX_DMA_Init
                0x080054b8       0x64 Src/main.o
 .text._Error_Handler
                0x0800551c        0x4 Src/main.o
                0x0800551c                _Error_Handler
 .text.MX_CAN_Init
                0x08005520       0x40 Src/main.o
 .text.MX_I2C1_Init
                0x08005560       0x64 Src/main.o
 .text.MX_USART1_UART_Init
                0x080055c4       0x40 Src/main.o
 .text.MX_USART2_UART_Init
                0x08005604       0x40 Src/main.o
 .text.SystemClock_Config
                0x08005644       0xb0 Src/main.o
                0x08005644                SystemClock_Config
 .text.main     0x080056f4       0x30 Src/main.o
                0x080056f4                main
 .text.OnTxDone
                0x08005724       0x10 Src/modem.o
                0x08005724                OnTxDone
 .text.OnTxTimeout
                0x08005734       0x10 Src/modem.o
                0x08005734                OnTxTimeout
 .text.OnRxTimeout
                0x08005744       0x10 Src/modem.o
                0x08005744                OnRxTimeout
 .text.OnRxError
                0x08005754       0x10 Src/modem.o
                0x08005754                OnRxError
 .text.HAL_UART_TxCpltCallback
                0x08005764        0x4 Src/modem.o
                0x08005764                HAL_UART_TxCpltCallback
 .text.Modem_Init
                0x08005768       0xac Src/modem.o
                0x08005768                Modem_Init
 .text.IsFifoEmpty
                0x08005814       0x18 Src/modem.o
                0x08005814                IsFifoEmpty
 .text.PushFifo
                0x0800582c       0x60 Src/modem.o
                0x0800582c                PushFifo
 .text.Modem_Send
                0x0800588c       0x30 Src/modem.o
                0x0800588c                Modem_Send
 .text.PutFifo  0x080058bc       0x64 Src/modem.o
                0x080058bc                PutFifo
 .text.OnRxDone
                0x08005920       0x10 Src/modem.o
                0x08005920                OnRxDone
 .text.HAL_MspInit
                0x08005930       0x7c Src/stm32f3xx_hal_msp.o
                0x08005930                HAL_MspInit
 .text.HAL_CAN_MspInit
                0x080059ac       0x50 Src/stm32f3xx_hal_msp.o
                0x080059ac                HAL_CAN_MspInit
 .text.HAL_I2C_MspInit
                0x080059fc       0x54 Src/stm32f3xx_hal_msp.o
                0x080059fc                HAL_I2C_MspInit
 .text.HAL_RTC_MspInit
                0x08005a50       0x28 Src/stm32f3xx_hal_msp.o
                0x08005a50                HAL_RTC_MspInit
 .text.HAL_SPI_MspInit
                0x08005a78       0x50 Src/stm32f3xx_hal_msp.o
                0x08005a78                HAL_SPI_MspInit
 .text.HAL_UART_MspInit
                0x08005ac8      0x18c Src/stm32f3xx_hal_msp.o
                0x08005ac8                HAL_UART_MspInit
 .text.HAL_GPIO_EXTI_Callback
                0x08005c54        0x8 Src/stm32f3xx_hal_msp.o
                0x08005c54                HAL_GPIO_EXTI_Callback
 .text.MSP_GetIRQn
                0x08005c5c       0xa8 Src/stm32f3xx_hal_msp.o
                0x08005c5c                MSP_GetIRQn
 .text.NMI_Handler
                0x08005d04        0x4 Src/stm32f3xx_it.o
                0x08005d04                NMI_Handler
 .text.HardFault_Handler
                0x08005d08        0x4 Src/stm32f3xx_it.o
                0x08005d08                HardFault_Handler
 .text.MemManage_Handler
                0x08005d0c        0x4 Src/stm32f3xx_it.o
                0x08005d0c                MemManage_Handler
 .text.BusFault_Handler
                0x08005d10        0x4 Src/stm32f3xx_it.o
                0x08005d10                BusFault_Handler
 .text.UsageFault_Handler
                0x08005d14        0x4 Src/stm32f3xx_it.o
                0x08005d14                UsageFault_Handler
 .text.SVC_Handler
                0x08005d18        0x4 Src/stm32f3xx_it.o
                0x08005d18                SVC_Handler
 .text.DebugMon_Handler
                0x08005d1c        0x4 Src/stm32f3xx_it.o
                0x08005d1c                DebugMon_Handler
 .text.PendSV_Handler
                0x08005d20        0x4 Src/stm32f3xx_it.o
                0x08005d20                PendSV_Handler
 .text.SysTick_Handler
                0x08005d24        0xc Src/stm32f3xx_it.o
                0x08005d24                SysTick_Handler
 .text.DMA1_Channel4_IRQHandler
                0x08005d30       0x10 Src/stm32f3xx_it.o
                0x08005d30                DMA1_Channel4_IRQHandler
 .text.DMA1_Channel5_IRQHandler
                0x08005d40       0x10 Src/stm32f3xx_it.o
                0x08005d40                DMA1_Channel5_IRQHandler
 .text.DMA1_Channel6_IRQHandler
                0x08005d50       0x10 Src/stm32f3xx_it.o
                0x08005d50                DMA1_Channel6_IRQHandler
 .text.DMA1_Channel7_IRQHandler
                0x08005d60       0x10 Src/stm32f3xx_it.o
                0x08005d60                DMA1_Channel7_IRQHandler
 .text.USART1_IRQHandler
                0x08005d70       0x10 Src/stm32f3xx_it.o
                0x08005d70                USART1_IRQHandler
 .text.USART2_IRQHandler
                0x08005d80       0x10 Src/stm32f3xx_it.o
                0x08005d80                USART2_IRQHandler
 .text.RTC_Alarm_IRQHandler
                0x08005d90        0x8 Src/stm32f3xx_it.o
                0x08005d90                RTC_Alarm_IRQHandler
 .text.EXTI4_IRQHandler
                0x08005d98        0xc Src/stm32f3xx_it.o
                0x08005d98                EXTI4_IRQHandler
 .text.EXTI9_5_IRQHandler
                0x08005da4       0x10 Src/stm32f3xx_it.o
                0x08005da4                EXTI9_5_IRQHandler
 .text.SystemInit
                0x08005db4       0x68 Src/system_stm32f3xx.o
                0x08005db4                SystemInit
 .text.Reset_Handler
                0x08005e1c       0x50 startup/startup_stm32f302x8.o
                0x08005e1c                Reset_Handler
 .text.Default_Handler
                0x08005e6c        0x2 startup/startup_stm32f302x8.o
                0x08005e6c                TIM1_CC_IRQHandler
                0x08005e6c                USB_HP_IRQHandler
                0x08005e6c                PVD_IRQHandler
                0x08005e6c                TAMP_STAMP_IRQHandler
                0x08005e6c                EXTI3_IRQHandler
                0x08005e6c                I2C3_ER_IRQHandler
                0x08005e6c                USB_HP_CAN_TX_IRQHandler
                0x08005e6c                EXTI0_IRQHandler
                0x08005e6c                I2C2_EV_IRQHandler
                0x08005e6c                FPU_IRQHandler
                0x08005e6c                TIM1_UP_TIM16_IRQHandler
                0x08005e6c                CAN_SCE_IRQHandler
                0x08005e6c                TIM6_DAC_IRQHandler
                0x08005e6c                ADC1_IRQHandler
                0x08005e6c                USART3_IRQHandler
                0x08005e6c                CAN_RX1_IRQHandler
                0x08005e6c                I2C1_EV_IRQHandler
                0x08005e6c                RCC_IRQHandler
                0x08005e6c                DMA1_Channel1_IRQHandler
                0x08005e6c                Default_Handler
                0x08005e6c                USBWakeUp_RMP_IRQHandler
                0x08005e6c                EXTI15_10_IRQHandler
                0x08005e6c                COMP2_IRQHandler
                0x08005e6c                I2C3_EV_IRQHandler
                0x08005e6c                RTC_WKUP_IRQHandler
                0x08005e6c                SPI2_IRQHandler
                0x08005e6c                USB_LP_CAN_RX0_IRQHandler
                0x08005e6c                USB_LP_IRQHandler
                0x08005e6c                TIM1_TRG_COM_TIM17_IRQHandler
                0x08005e6c                DMA1_Channel3_IRQHandler
                0x08005e6c                WWDG_IRQHandler
                0x08005e6c                TIM2_IRQHandler
                0x08005e6c                EXTI1_IRQHandler
                0x08005e6c                COMP4_6_IRQHandler
                0x08005e6c                I2C2_ER_IRQHandler
                0x08005e6c                DMA1_Channel2_IRQHandler
                0x08005e6c                FLASH_IRQHandler
                0x08005e6c                SPI3_IRQHandler
                0x08005e6c                I2C1_ER_IRQHandler
                0x08005e6c                USBWakeUp_IRQHandler
                0x08005e6c                EXTI2_TSC_IRQHandler
                0x08005e6c                TIM1_BRK_TIM15_IRQHandler
 *fill*         0x08005e6e        0x2 
 .text.__libc_init_array
                0x08005e70       0x4c c:/stm/eclipse/eclipse/plugins/fr.ac6.mcu.externaltools.arm-none.win32_1.13.2.201703061525/tools/compiler/bin/../lib/gcc/arm-none-eabi/5.4.1/../../../../arm-none-eabi/lib/armv7e-m/fpu\libc_nano.a(lib_a-init.o)
                0x08005e70                __libc_init_array
 .text.memset   0x08005ebc       0x10 c:/stm/eclipse/eclipse/plugins/fr.ac6.mcu.externaltools.arm-none.win32_1.13.2.201703061525/tools/compiler/bin/../lib/gcc/arm-none-eabi/5.4.1/../../../../arm-none-eabi/lib/armv7e-m/fpu\libc_nano.a(lib_a-memset.o)
                0x08005ebc                memset
 *fill*         0x08005ecc        0x4 
 .text.ceil     0x08005ed0      0x120 c:/stm/eclipse/eclipse/plugins/fr.ac6.mcu.externaltools.arm-none.win32_1.13.2.201703061525/tools/compiler/bin/../lib/gcc/arm-none-eabi/5.4.1/../../../../arm-none-eabi/lib/armv7e-m/fpu\libm.a(lib_a-s_ceil.o)
                0x08005ed0                ceil
 .text.floor    0x08005ff0      0x120 c:/stm/eclipse/eclipse/plugins/fr.ac6.mcu.externaltools.arm-none.win32_1.13.2.201703061525/tools/compiler/bin/../lib/gcc/arm-none-eabi/5.4.1/../../../../arm-none-eabi/lib/armv7e-m/fpu\libm.a(lib_a-s_floor.o)
                0x08005ff0                floor
 .text.round    0x08006110       0xb0 c:/stm/eclipse/eclipse/plugins/fr.ac6.mcu.externaltools.arm-none.win32_1.13.2.201703061525/tools/compiler/bin/../lib/gcc/arm-none-eabi/5.4.1/../../../../arm-none-eabi/lib/armv7e-m/fpu\libm.a(lib_a-s_round.o)
                0x08006110                round
 *(.glue_7)
 .glue_7        0x080061c0        0x0 linker stubs
 *(.glue_7t)
 .glue_7t       0x080061c0        0x0 linker stubs
 *(.eh_frame)
 .eh_frame      0x080061c0        0x0 c:/stm/eclipse/eclipse/plugins/fr.ac6.mcu.externaltools.arm-none.win32_1.13.2.201703061525/tools/compiler/bin/../lib/gcc/arm-none-eabi/5.4.1/armv7e-m/fpu/crtbegin.o
 *(.init)
 .init          0x080061c0        0x4 c:/stm/eclipse/eclipse/plugins/fr.ac6.mcu.externaltools.arm-none.win32_1.13.2.201703061525/tools/compiler/bin/../lib/gcc/arm-none-eabi/5.4.1/armv7e-m/fpu/crti.o
                0x080061c0                _init
 .init          0x080061c4        0x8 c:/stm/eclipse/eclipse/plugins/fr.ac6.mcu.externaltools.arm-none.win32_1.13.2.201703061525/tools/compiler/bin/../lib/gcc/arm-none-eabi/5.4.1/armv7e-m/fpu/crtn.o
 *(.fini)
 .fini          0x080061cc        0x4 c:/stm/eclipse/eclipse/plugins/fr.ac6.mcu.externaltools.arm-none.win32_1.13.2.201703061525/tools/compiler/bin/../lib/gcc/arm-none-eabi/5.4.1/armv7e-m/fpu/crti.o
                0x080061cc                _fini
 .fini          0x080061d0        0x8 c:/stm/eclipse/eclipse/plugins/fr.ac6.mcu.externaltools.arm-none.win32_1.13.2.201703061525/tools/compiler/bin/../lib/gcc/arm-none-eabi/5.4.1/armv7e-m/fpu/crtn.o
                0x080061d8                . = ALIGN (0x4)
                0x080061d8                _etext = .

.vfp11_veneer   0x080061d8        0x0
 .vfp11_veneer  0x080061d8        0x0 linker stubs

.v4_bx          0x080061d8        0x0
 .v4_bx         0x080061d8        0x0 linker stubs

.iplt           0x080061d8        0x0
 .iplt          0x080061d8        0x0 c:/stm/eclipse/eclipse/plugins/fr.ac6.mcu.externaltools.arm-none.win32_1.13.2.201703061525/tools/compiler/bin/../lib/gcc/arm-none-eabi/5.4.1/armv7e-m/fpu/crtbegin.o

.rodata         0x080061d8      0x1e0
                0x080061d8                . = ALIGN (0x4)
 *(.rodata)
 .rodata        0x080061d8       0xe0 Drivers/Components/sx1276/sx1276.o
                0x080061d8                FskBandwidths
                0x08006288                RadioRegsInit
 .rodata        0x080062b8       0x68 Drivers/Components/sx1276mb1las/sx1276mb1las.o
                0x080062b8                Radio
 .rodata        0x08006320       0x18 Drivers/HW/Src/hw_rtc.o
 .rodata        0x08006338       0x20 Drivers/STM32F3xx_HAL_Driver/Src/stm32f3xx_hal_rcc.o
                0x08006338                aPLLMULFactorTable
                0x08006348                aPredivFactorTable
 .rodata        0x08006358       0x18 Src/system_stm32f3xx.o
                0x08006358                AHBPrescTable
                0x08006368                APBPrescTable
 *(.rodata*)
 .rodata.str1.4
                0x08006370       0x1b Drivers/HW/Src/hw_spi.o
 *fill*         0x0800638b        0x1 
 .rodata.str1.4
                0x0800638c        0xe Src/main.o
 *fill*         0x0800639a        0x2 
 .rodata.str1.4
                0x0800639c       0x1c Src/stm32f3xx_hal_msp.o
                                 0x1b (size before relaxing)
                0x080063b8                . = ALIGN (0x4)

.ARM.extab
 *(.ARM.extab* .gnu.linkonce.armextab.*)

.ARM            0x080063b8        0x8
                0x080063b8                __exidx_start = .
 *(.ARM.exidx*)
 .ARM.exidx     0x080063b8        0x8 c:/stm/eclipse/eclipse/plugins/fr.ac6.mcu.externaltools.arm-none.win32_1.13.2.201703061525/tools/compiler/bin/../lib/gcc/arm-none-eabi/5.4.1/armv7e-m/fpu\libgcc.a(_udivmoddi4.o)
                0x080063c0                __exidx_end = .

.rel.dyn        0x080063c0        0x0
 .rel.iplt      0x080063c0        0x0 c:/stm/eclipse/eclipse/plugins/fr.ac6.mcu.externaltools.arm-none.win32_1.13.2.201703061525/tools/compiler/bin/../lib/gcc/arm-none-eabi/5.4.1/armv7e-m/fpu/crtbegin.o

.preinit_array  0x080063c0        0x0
                0x080063c0                PROVIDE (__preinit_array_start, .)
 *(.preinit_array*)
                0x080063c0                PROVIDE (__preinit_array_end, .)

.init_array     0x080063c0        0x4
                0x080063c0                PROVIDE (__init_array_start, .)
 *(SORT(.init_array.*))
 *(.init_array*)
 .init_array    0x080063c0        0x4 c:/stm/eclipse/eclipse/plugins/fr.ac6.mcu.externaltools.arm-none.win32_1.13.2.201703061525/tools/compiler/bin/../lib/gcc/arm-none-eabi/5.4.1/armv7e-m/fpu/crtbegin.o
                0x080063c4                PROVIDE (__init_array_end, .)

.fini_array     0x080063c4        0x4
                [!provide]                PROVIDE (__fini_array_start, .)
 *(SORT(.fini_array.*))
 *(.fini_array*)
 .fini_array    0x080063c4        0x4 c:/stm/eclipse/eclipse/plugins/fr.ac6.mcu.externaltools.arm-none.win32_1.13.2.201703061525/tools/compiler/bin/../lib/gcc/arm-none-eabi/5.4.1/armv7e-m/fpu/crtbegin.o
                [!provide]                PROVIDE (__fini_array_end, .)
                0x080063c8                _sidata = LOADADDR (.data)

.data           0x20000000       0x34 load address 0x080063c8
                0x20000000                . = ALIGN (0x4)
                0x20000000                _sdata = .
 *(.data)
 .data          0x20000000       0x18 Drivers/Components/sx1276/sx1276.o
                0x20000000                DioIrq
 .data          0x20000018       0x18 Drivers/Components/sx1276mb1las/sx1276mb1las.o
 .data          0x20000030        0x4 Src/system_stm32f3xx.o
                0x20000030                SystemCoreClock
 *(.data*)
                0x20000034                . = ALIGN (0x4)
                0x20000034                _edata = .

.jcr            0x20000034        0x0 load address 0x080063fc
 .jcr           0x20000034        0x0 c:/stm/eclipse/eclipse/plugins/fr.ac6.mcu.externaltools.arm-none.win32_1.13.2.201703061525/tools/compiler/bin/../lib/gcc/arm-none-eabi/5.4.1/armv7e-m/fpu/crtbegin.o

.igot.plt       0x20000034        0x0 load address 0x080063fc
 .igot.plt      0x20000034        0x0 c:/stm/eclipse/eclipse/plugins/fr.ac6.mcu.externaltools.arm-none.win32_1.13.2.201703061525/tools/compiler/bin/../lib/gcc/arm-none-eabi/5.4.1/armv7e-m/fpu/crtbegin.o
                0x20000034                . = ALIGN (0x4)

.bss            0x20000034     0x1270 load address 0x080063fc
                0x20000034                _sbss = .
                0x20000034                __bss_start__ = _sbss
 *(.bss)
 .bss           0x20000034       0x1c c:/stm/eclipse/eclipse/plugins/fr.ac6.mcu.externaltools.arm-none.win32_1.13.2.201703061525/tools/compiler/bin/../lib/gcc/arm-none-eabi/5.4.1/armv7e-m/fpu/crtbegin.o
 .bss           0x20000050      0x109 Drivers/Components/sx1276/sx1276.o
 .bss           0x20000159        0x1 Drivers/Components/sx1276mb1las/sx1276mb1las.o
 *fill*         0x2000015a        0x2 
 .bss           0x2000015c       0x40 Drivers/HW/Src/hw_gpio.o
 .bss           0x2000019c       0x6d Drivers/HW/Src/hw_rtc.o
 *fill*         0x20000209        0x3 
 .bss           0x2000020c       0x64 Drivers/HW/Src/hw_spi.o
 .bss           0x20000270        0x1 Drivers/HW/Src/stm32f3xx_hw.o
 *fill*         0x20000271        0x3 
 .bss           0x20000274        0x4 Lora/Utilities/low_power.o
 .bss           0x20000278        0x4 Lora/Utilities/timeServer.o
 .bss           0x2000027c      0xc64 Src/modem.o
                0x20000298                FIFO_OUT
                0x20000299                FIFO_IN
                0x2000029c                FIFO_Buffer
                0x20000e9c                FIFO_COUNT
                0x20000ea0                UartTxBuffer
 *(.bss*)
 *(COMMON)
 COMMON         0x20000ee0       0xa4 Drivers/Components/sx1276/sx1276.o
                0x20000ee0                TxTimeoutTimer
                0x20000ef4                RxTimeoutSyncWord
                0x20000f08                SX1276
                0x20000f70                RxTimeoutTimer
 COMMON         0x20000f84        0x4 Drivers/STM32F3xx_HAL_Driver/Src/stm32f3xx_hal.o
                0x20000f84                uwTick
 COMMON         0x20000f88      0x304 Src/main.o
                0x20000f88                hdma_usart2_rx
                0x20000fcc                hi2c1
                0x20001018                hcan
                0x2000105c                hspi3
                0x200010c0                hdma_usart1_tx
                0x20001104                hdma_usart1_rx
                0x20001148                hdma_usart2_tx
                0x2000118c                huart1
                0x200011fc                hrtc
                0x2000121c                huart2
 COMMON         0x2000128c       0x18 Src/modem.o
                0x2000128c                BufferSize
                0x20001290                timer_DMA_RX
                0x200012a4                . = ALIGN (0x4)
                0x200012a4                _ebss = .
                0x200012a4                __bss_end__ = _ebss

._user_heap_stack
                0x200012a4      0x604 load address 0x080063fc
                0x200012a8                . = ALIGN (0x8)
 *fill*         0x200012a4        0x4 
                0x200012a8                PROVIDE (end, .)
                [!provide]                PROVIDE (_end, .)
                0x200014a8                . = (. + _Min_Heap_Size)
 *fill*         0x200012a8      0x200 
                0x200018a8                . = (. + _Min_Stack_Size)
 *fill*         0x200014a8      0x400 
                0x200018a8                . = ALIGN (0x8)

/DISCARD/
 libc.a(*)
 libm.a(*)
 libgcc.a(*)

.ARM.attributes
                0x00000000       0x30
 *(.ARM.attributes)
 .ARM.attributes
                0x00000000       0x22 c:/stm/eclipse/eclipse/plugins/fr.ac6.mcu.externaltools.arm-none.win32_1.13.2.201703061525/tools/compiler/bin/../lib/gcc/arm-none-eabi/5.4.1/armv7e-m/fpu/crti.o
 .ARM.attributes
                0x00000022       0x34 c:/stm/eclipse/eclipse/plugins/fr.ac6.mcu.externaltools.arm-none.win32_1.13.2.201703061525/tools/compiler/bin/../lib/gcc/arm-none-eabi/5.4.1/armv7e-m/fpu/crtbegin.o
 .ARM.attributes
                0x00000056       0x39 Drivers/Components/sx1276/sx1276.o
 .ARM.attributes
                0x0000008f       0x39 Drivers/Components/sx1276mb1las/sx1276mb1las.o
 .ARM.attributes
                0x000000c8       0x39 Drivers/HW/Src/hw_gpio.o
 .ARM.attributes
                0x00000101       0x39 Drivers/HW/Src/hw_rtc.o
 .ARM.attributes
                0x0000013a       0x39 Drivers/HW/Src/hw_spi.o
 .ARM.attributes
                0x00000173       0x39 Drivers/HW/Src/stm32f3xx_hw.o
 .ARM.attributes
                0x000001ac       0x39 Drivers/STM32F3xx_HAL_Driver/Src/stm32f3xx_hal.o
 .ARM.attributes
                0x000001e5       0x39 Drivers/STM32F3xx_HAL_Driver/Src/stm32f3xx_hal_can.o
 .ARM.attributes
                0x0000021e       0x39 Drivers/STM32F3xx_HAL_Driver/Src/stm32f3xx_hal_cortex.o
 .ARM.attributes
                0x00000257       0x39 Drivers/STM32F3xx_HAL_Driver/Src/stm32f3xx_hal_dma.o
 .ARM.attributes
                0x00000290       0x39 Drivers/STM32F3xx_HAL_Driver/Src/stm32f3xx_hal_gpio.o
 .ARM.attributes
                0x000002c9       0x39 Drivers/STM32F3xx_HAL_Driver/Src/stm32f3xx_hal_i2c.o
 .ARM.attributes
                0x00000302       0x39 Drivers/STM32F3xx_HAL_Driver/Src/stm32f3xx_hal_i2c_ex.o
 .ARM.attributes
                0x0000033b       0x39 Drivers/STM32F3xx_HAL_Driver/Src/stm32f3xx_hal_rcc.o
 .ARM.attributes
                0x00000374       0x39 Drivers/STM32F3xx_HAL_Driver/Src/stm32f3xx_hal_rcc_ex.o
 .ARM.attributes
                0x000003ad       0x39 Drivers/STM32F3xx_HAL_Driver/Src/stm32f3xx_hal_rtc.o
 .ARM.attributes
                0x000003e6       0x39 Drivers/STM32F3xx_HAL_Driver/Src/stm32f3xx_hal_rtc_ex.o
 .ARM.attributes
                0x0000041f       0x39 Drivers/STM32F3xx_HAL_Driver/Src/stm32f3xx_hal_spi.o
 .ARM.attributes
                0x00000458       0x39 Drivers/STM32F3xx_HAL_Driver/Src/stm32f3xx_hal_uart.o
 .ARM.attributes
                0x00000491       0x39 Drivers/STM32F3xx_HAL_Driver/Src/stm32f3xx_hal_uart_ex.o
 .ARM.attributes
                0x000004ca       0x39 Lora/Utilities/delay.o
 .ARM.attributes
                0x00000503       0x39 Lora/Utilities/low_power.o
 .ARM.attributes
                0x0000053c       0x39 Lora/Utilities/timeServer.o
 .ARM.attributes
                0x00000575       0x39 Lora/Utilities/utilities.o
 .ARM.attributes
                0x000005ae       0x39 Src/main.o
 .ARM.attributes
                0x000005e7       0x39 Src/modem.o
 .ARM.attributes
                0x00000620       0x39 Src/stm32f3xx_hal_msp.o
 .ARM.attributes
                0x00000659       0x39 Src/stm32f3xx_it.o
 .ARM.attributes
                0x00000692       0x39 Src/system_stm32f3xx.o
 .ARM.attributes
                0x000006cb       0x21 startup/startup_stm32f302x8.o
 .ARM.attributes
                0x000006ec       0x22 c:/stm/eclipse/eclipse/plugins/fr.ac6.mcu.externaltools.arm-none.win32_1.13.2.201703061525/tools/compiler/bin/../lib/gcc/arm-none-eabi/5.4.1/armv7e-m/fpu\libgcc.a(_arm_addsubdf3.o)
 .ARM.attributes
                0x0000070e       0x22 c:/stm/eclipse/eclipse/plugins/fr.ac6.mcu.externaltools.arm-none.win32_1.13.2.201703061525/tools/compiler/bin/../lib/gcc/arm-none-eabi/5.4.1/armv7e-m/fpu\libgcc.a(_arm_muldivdf3.o)
 .ARM.attributes
                0x00000730       0x22 c:/stm/eclipse/eclipse/plugins/fr.ac6.mcu.externaltools.arm-none.win32_1.13.2.201703061525/tools/compiler/bin/../lib/gcc/arm-none-eabi/5.4.1/armv7e-m/fpu\libgcc.a(_arm_cmpdf2.o)
 .ARM.attributes
                0x00000752       0x22 c:/stm/eclipse/eclipse/plugins/fr.ac6.mcu.externaltools.arm-none.win32_1.13.2.201703061525/tools/compiler/bin/../lib/gcc/arm-none-eabi/5.4.1/armv7e-m/fpu\libgcc.a(_arm_fixunsdfsi.o)
 .ARM.attributes
                0x00000774       0x22 c:/stm/eclipse/eclipse/plugins/fr.ac6.mcu.externaltools.arm-none.win32_1.13.2.201703061525/tools/compiler/bin/../lib/gcc/arm-none-eabi/5.4.1/armv7e-m/fpu\libgcc.a(_aeabi_uldivmod.o)
 .ARM.attributes
                0x00000796       0x34 c:/stm/eclipse/eclipse/plugins/fr.ac6.mcu.externaltools.arm-none.win32_1.13.2.201703061525/tools/compiler/bin/../lib/gcc/arm-none-eabi/5.4.1/armv7e-m/fpu\libgcc.a(_udivmoddi4.o)
 .ARM.attributes
                0x000007ca       0x22 c:/stm/eclipse/eclipse/plugins/fr.ac6.mcu.externaltools.arm-none.win32_1.13.2.201703061525/tools/compiler/bin/../lib/gcc/arm-none-eabi/5.4.1/armv7e-m/fpu\libgcc.a(_dvmd_tls.o)
 .ARM.attributes
                0x000007ec       0x34 c:/stm/eclipse/eclipse/plugins/fr.ac6.mcu.externaltools.arm-none.win32_1.13.2.201703061525/tools/compiler/bin/../lib/gcc/arm-none-eabi/5.4.1/../../../../arm-none-eabi/lib/armv7e-m/fpu\libc_nano.a(lib_a-init.o)
 .ARM.attributes
                0x00000820       0x34 c:/stm/eclipse/eclipse/plugins/fr.ac6.mcu.externaltools.arm-none.win32_1.13.2.201703061525/tools/compiler/bin/../lib/gcc/arm-none-eabi/5.4.1/../../../../arm-none-eabi/lib/armv7e-m/fpu\libc_nano.a(lib_a-memset.o)
 .ARM.attributes
                0x00000854       0x22 c:/stm/eclipse/eclipse/plugins/fr.ac6.mcu.externaltools.arm-none.win32_1.13.2.201703061525/tools/compiler/bin/../lib/gcc/arm-none-eabi/5.4.1/armv7e-m/fpu/crtn.o
OUTPUT(MAINBOARD_ROVER.elf elf32-littlearm)

.debug_info     0x00000000    0x1adae
 .debug_info    0x00000000     0x2d90 Drivers/Components/sx1276/sx1276.o
 .debug_info    0x00002d90      0xdbb Drivers/Components/sx1276mb1las/sx1276mb1las.o
 .debug_info    0x00003b4b      0x784 Drivers/HW/Src/hw_gpio.o
 .debug_info    0x000042cf      0xfb3 Drivers/HW/Src/hw_rtc.o
 .debug_info    0x00005282      0xac9 Drivers/HW/Src/hw_spi.o
 .debug_info    0x00005d4b      0xad2 Drivers/HW/Src/stm32f3xx_hw.o
 .debug_info    0x0000681d      0x6f2 Drivers/STM32F3xx_HAL_Driver/Src/stm32f3xx_hal.o
 .debug_info    0x00006f0f      0xbda Drivers/STM32F3xx_HAL_Driver/Src/stm32f3xx_hal_can.o
 .debug_info    0x00007ae9      0xc5d Drivers/STM32F3xx_HAL_Driver/Src/stm32f3xx_hal_cortex.o
 .debug_info    0x00008746      0x7f8 Drivers/STM32F3xx_HAL_Driver/Src/stm32f3xx_hal_dma.o
 .debug_info    0x00008f3e      0x66e Drivers/STM32F3xx_HAL_Driver/Src/stm32f3xx_hal_gpio.o
 .debug_info    0x000095ac     0x3148 Drivers/STM32F3xx_HAL_Driver/Src/stm32f3xx_hal_i2c.o
 .debug_info    0x0000c6f4      0x84f Drivers/STM32F3xx_HAL_Driver/Src/stm32f3xx_hal_i2c_ex.o
 .debug_info    0x0000cf43     0x13a2 Drivers/STM32F3xx_HAL_Driver/Src/stm32f3xx_hal_rcc.o
 .debug_info    0x0000e2e5      0x69b Drivers/STM32F3xx_HAL_Driver/Src/stm32f3xx_hal_rcc_ex.o
 .debug_info    0x0000e980      0xe82 Drivers/STM32F3xx_HAL_Driver/Src/stm32f3xx_hal_rtc.o
 .debug_info    0x0000f802     0x103b Drivers/STM32F3xx_HAL_Driver/Src/stm32f3xx_hal_rtc_ex.o
 .debug_info    0x0001083d     0x1d86 Drivers/STM32F3xx_HAL_Driver/Src/stm32f3xx_hal_spi.o
 .debug_info    0x000125c3     0x1984 Drivers/STM32F3xx_HAL_Driver/Src/stm32f3xx_hal_uart.o
 .debug_info    0x00013f47      0x8e3 Drivers/STM32F3xx_HAL_Driver/Src/stm32f3xx_hal_uart_ex.o
 .debug_info    0x0001482a      0x159 Lora/Utilities/delay.o
 .debug_info    0x00014983      0x2ae Lora/Utilities/low_power.o
 .debug_info    0x00014c31      0x72c Lora/Utilities/timeServer.o
 .debug_info    0x0001535d      0x28d Lora/Utilities/utilities.o
 .debug_info    0x000155ea     0x1ed9 Src/main.o
 .debug_info    0x000174c3      0xe6e Src/modem.o
 .debug_info    0x00018331     0x1d77 Src/stm32f3xx_hal_msp.o
 .debug_info    0x0001a0a8      0x87b Src/stm32f3xx_it.o
 .debug_info    0x0001a923      0x404 Src/system_stm32f3xx.o
 .debug_info    0x0001ad27       0x87 startup/startup_stm32f302x8.o

.debug_abbrev   0x00000000     0x3ada
 .debug_abbrev  0x00000000      0x32e Drivers/Components/sx1276/sx1276.o
 .debug_abbrev  0x0000032e      0x27c Drivers/Components/sx1276mb1las/sx1276mb1las.o
 .debug_abbrev  0x000005aa      0x1eb Drivers/HW/Src/hw_gpio.o
 .debug_abbrev  0x00000795      0x28b Drivers/HW/Src/hw_rtc.o
 .debug_abbrev  0x00000a20      0x1f1 Drivers/HW/Src/hw_spi.o
 .debug_abbrev  0x00000c11      0x28f Drivers/HW/Src/stm32f3xx_hw.o
 .debug_abbrev  0x00000ea0      0x1d0 Drivers/STM32F3xx_HAL_Driver/Src/stm32f3xx_hal.o
 .debug_abbrev  0x00001070      0x206 Drivers/STM32F3xx_HAL_Driver/Src/stm32f3xx_hal_can.o
 .debug_abbrev  0x00001276      0x2bd Drivers/STM32F3xx_HAL_Driver/Src/stm32f3xx_hal_cortex.o
 .debug_abbrev  0x00001533      0x201 Drivers/STM32F3xx_HAL_Driver/Src/stm32f3xx_hal_dma.o
 .debug_abbrev  0x00001734      0x1cd Drivers/STM32F3xx_HAL_Driver/Src/stm32f3xx_hal_gpio.o
 .debug_abbrev  0x00001901      0x215 Drivers/STM32F3xx_HAL_Driver/Src/stm32f3xx_hal_i2c.o
 .debug_abbrev  0x00001b16      0x185 Drivers/STM32F3xx_HAL_Driver/Src/stm32f3xx_hal_i2c_ex.o
 .debug_abbrev  0x00001c9b      0x283 Drivers/STM32F3xx_HAL_Driver/Src/stm32f3xx_hal_rcc.o
 .debug_abbrev  0x00001f1e      0x242 Drivers/STM32F3xx_HAL_Driver/Src/stm32f3xx_hal_rcc_ex.o
 .debug_abbrev  0x00002160      0x1ad Drivers/STM32F3xx_HAL_Driver/Src/stm32f3xx_hal_rtc.o
 .debug_abbrev  0x0000230d      0x1bc Drivers/STM32F3xx_HAL_Driver/Src/stm32f3xx_hal_rtc_ex.o
 .debug_abbrev  0x000024c9      0x22c Drivers/STM32F3xx_HAL_Driver/Src/stm32f3xx_hal_spi.o
 .debug_abbrev  0x000026f5      0x216 Drivers/STM32F3xx_HAL_Driver/Src/stm32f3xx_hal_uart.o
 .debug_abbrev  0x0000290b      0x1d3 Drivers/STM32F3xx_HAL_Driver/Src/stm32f3xx_hal_uart_ex.o
 .debug_abbrev  0x00002ade       0xa3 Lora/Utilities/delay.o
 .debug_abbrev  0x00002b81      0x17a Lora/Utilities/low_power.o
 .debug_abbrev  0x00002cfb      0x2ce Lora/Utilities/timeServer.o
 .debug_abbrev  0x00002fc9       0xf9 Lora/Utilities/utilities.o
 .debug_abbrev  0x000030c2      0x26d Src/main.o
 .debug_abbrev  0x0000332f      0x216 Src/modem.o
 .debug_abbrev  0x00003545      0x2c2 Src/stm32f3xx_hal_msp.o
 .debug_abbrev  0x00003807      0x1bd Src/stm32f3xx_it.o
 .debug_abbrev  0x000039c4      0x104 Src/system_stm32f3xx.o
 .debug_abbrev  0x00003ac8       0x12 startup/startup_stm32f302x8.o

.debug_loc      0x00000000     0xcae0
 .debug_loc     0x00000000     0x10fb Drivers/Components/sx1276/sx1276.o
 .debug_loc     0x000010fb      0x177 Drivers/Components/sx1276mb1las/sx1276mb1las.o
 .debug_loc     0x00001272      0x255 Drivers/HW/Src/hw_gpio.o
 .debug_loc     0x000014c7      0x39c Drivers/HW/Src/hw_rtc.o
 .debug_loc     0x00001863       0xd1 Drivers/HW/Src/hw_spi.o
 .debug_loc     0x00001934       0x13 Drivers/HW/Src/stm32f3xx_hw.o
 .debug_loc     0x00001947       0x69 Drivers/STM32F3xx_HAL_Driver/Src/stm32f3xx_hal.o
 .debug_loc     0x000019b0      0x6d0 Drivers/STM32F3xx_HAL_Driver/Src/stm32f3xx_hal_can.o
 .debug_loc     0x00002080      0x527 Drivers/STM32F3xx_HAL_Driver/Src/stm32f3xx_hal_cortex.o
 .debug_loc     0x000025a7      0x658 Drivers/STM32F3xx_HAL_Driver/Src/stm32f3xx_hal_dma.o
 .debug_loc     0x00002bff      0x2ff Drivers/STM32F3xx_HAL_Driver/Src/stm32f3xx_hal_gpio.o
 .debug_loc     0x00002efe     0x33ef Drivers/STM32F3xx_HAL_Driver/Src/stm32f3xx_hal_i2c.o
 .debug_loc     0x000062ed      0x21c Drivers/STM32F3xx_HAL_Driver/Src/stm32f3xx_hal_i2c_ex.o
 .debug_loc     0x00006509      0x9c6 Drivers/STM32F3xx_HAL_Driver/Src/stm32f3xx_hal_rcc.o
 .debug_loc     0x00006ecf      0x69b Drivers/STM32F3xx_HAL_Driver/Src/stm32f3xx_hal_rcc_ex.o
 .debug_loc     0x0000756a      0xb9d Drivers/STM32F3xx_HAL_Driver/Src/stm32f3xx_hal_rtc.o
 .debug_loc     0x00008107      0xd0a Drivers/STM32F3xx_HAL_Driver/Src/stm32f3xx_hal_rtc_ex.o
 .debug_loc     0x00008e11     0x194a Drivers/STM32F3xx_HAL_Driver/Src/stm32f3xx_hal_spi.o
 .debug_loc     0x0000a75b     0x1472 Drivers/STM32F3xx_HAL_Driver/Src/stm32f3xx_hal_uart.o
 .debug_loc     0x0000bbcd      0x2ac Drivers/STM32F3xx_HAL_Driver/Src/stm32f3xx_hal_uart_ex.o
 .debug_loc     0x0000be79       0x45 Lora/Utilities/delay.o
 .debug_loc     0x0000bebe       0x21 Lora/Utilities/low_power.o
 .debug_loc     0x0000bedf      0x4ab Lora/Utilities/timeServer.o
 .debug_loc     0x0000c38a      0x21b Lora/Utilities/utilities.o
 .debug_loc     0x0000c5a5       0xd3 Src/modem.o
 .debug_loc     0x0000c678      0x369 Src/stm32f3xx_hal_msp.o
 .debug_loc     0x0000c9e1       0xff Src/system_stm32f3xx.o

.debug_aranges  0x00000000     0x12d8
 .debug_aranges
                0x00000000      0x148 Drivers/Components/sx1276/sx1276.o
 .debug_aranges
                0x00000148       0x68 Drivers/Components/sx1276mb1las/sx1276mb1las.o
 .debug_aranges
                0x000001b0       0x48 Drivers/HW/Src/hw_gpio.o
 .debug_aranges
                0x000001f8       0xa8 Drivers/HW/Src/hw_rtc.o
 .debug_aranges
                0x000002a0       0x38 Drivers/HW/Src/hw_spi.o
 .debug_aranges
                0x000002d8       0x50 Drivers/HW/Src/stm32f3xx_hw.o
 .debug_aranges
                0x00000328       0xc8 Drivers/STM32F3xx_HAL_Driver/Src/stm32f3xx_hal.o
 .debug_aranges
                0x000003f0       0xb0 Drivers/STM32F3xx_HAL_Driver/Src/stm32f3xx_hal_can.o
 .debug_aranges
                0x000004a0       0x90 Drivers/STM32F3xx_HAL_Driver/Src/stm32f3xx_hal_cortex.o
 .debug_aranges
                0x00000530       0x88 Drivers/STM32F3xx_HAL_Driver/Src/stm32f3xx_hal_dma.o
 .debug_aranges
                0x000005b8       0x58 Drivers/STM32F3xx_HAL_Driver/Src/stm32f3xx_hal_gpio.o
 .debug_aranges
                0x00000610      0x260 Drivers/STM32F3xx_HAL_Driver/Src/stm32f3xx_hal_i2c.o
 .debug_aranges
                0x00000870       0x48 Drivers/STM32F3xx_HAL_Driver/Src/stm32f3xx_hal_i2c_ex.o
 .debug_aranges
                0x000008b8       0x88 Drivers/STM32F3xx_HAL_Driver/Src/stm32f3xx_hal_rcc.o
 .debug_aranges
                0x00000940       0x38 Drivers/STM32F3xx_HAL_Driver/Src/stm32f3xx_hal_rcc_ex.o
 .debug_aranges
                0x00000978       0xb8 Drivers/STM32F3xx_HAL_Driver/Src/stm32f3xx_hal_rtc.o
 .debug_aranges
                0x00000a30      0x120 Drivers/STM32F3xx_HAL_Driver/Src/stm32f3xx_hal_rtc_ex.o
 .debug_aranges
                0x00000b50      0x1d8 Drivers/STM32F3xx_HAL_Driver/Src/stm32f3xx_hal_spi.o
 .debug_aranges
                0x00000d28      0x1f0 Drivers/STM32F3xx_HAL_Driver/Src/stm32f3xx_hal_uart.o
 .debug_aranges
                0x00000f18       0x48 Drivers/STM32F3xx_HAL_Driver/Src/stm32f3xx_hal_uart_ex.o
 .debug_aranges
                0x00000f60       0x28 Lora/Utilities/delay.o
 .debug_aranges
                0x00000f88       0x38 Lora/Utilities/low_power.o
 .debug_aranges
                0x00000fc0       0x78 Lora/Utilities/timeServer.o
 .debug_aranges
                0x00001038       0x50 Lora/Utilities/utilities.o
 .debug_aranges
                0x00001088       0x60 Src/main.o
 .debug_aranges
                0x000010e8       0x78 Src/modem.o
 .debug_aranges
                0x00001160       0x80 Src/stm32f3xx_hal_msp.o
 .debug_aranges
                0x000011e0       0xa8 Src/stm32f3xx_it.o
 .debug_aranges
                0x00001288       0x28 Src/system_stm32f3xx.o
 .debug_aranges
                0x000012b0       0x28 startup/startup_stm32f302x8.o

.debug_ranges   0x00000000     0x1130
 .debug_ranges  0x00000000      0x138 Drivers/Components/sx1276/sx1276.o
 .debug_ranges  0x00000138       0x58 Drivers/Components/sx1276mb1las/sx1276mb1las.o
 .debug_ranges  0x00000190       0x38 Drivers/HW/Src/hw_gpio.o
 .debug_ranges  0x000001c8       0x98 Drivers/HW/Src/hw_rtc.o
 .debug_ranges  0x00000260       0x28 Drivers/HW/Src/hw_spi.o
 .debug_ranges  0x00000288       0x40 Drivers/HW/Src/stm32f3xx_hw.o
 .debug_ranges  0x000002c8       0xb8 Drivers/STM32F3xx_HAL_Driver/Src/stm32f3xx_hal.o
 .debug_ranges  0x00000380       0xa0 Drivers/STM32F3xx_HAL_Driver/Src/stm32f3xx_hal_can.o
 .debug_ranges  0x00000420       0x80 Drivers/STM32F3xx_HAL_Driver/Src/stm32f3xx_hal_cortex.o
 .debug_ranges  0x000004a0       0x78 Drivers/STM32F3xx_HAL_Driver/Src/stm32f3xx_hal_dma.o
 .debug_ranges  0x00000518       0x48 Drivers/STM32F3xx_HAL_Driver/Src/stm32f3xx_hal_gpio.o
 .debug_ranges  0x00000560      0x250 Drivers/STM32F3xx_HAL_Driver/Src/stm32f3xx_hal_i2c.o
 .debug_ranges  0x000007b0       0x38 Drivers/STM32F3xx_HAL_Driver/Src/stm32f3xx_hal_i2c_ex.o
 .debug_ranges  0x000007e8       0x90 Drivers/STM32F3xx_HAL_Driver/Src/stm32f3xx_hal_rcc.o
 .debug_ranges  0x00000878       0x40 Drivers/STM32F3xx_HAL_Driver/Src/stm32f3xx_hal_rcc_ex.o
 .debug_ranges  0x000008b8       0xa8 Drivers/STM32F3xx_HAL_Driver/Src/stm32f3xx_hal_rtc.o
 .debug_ranges  0x00000960      0x110 Drivers/STM32F3xx_HAL_Driver/Src/stm32f3xx_hal_rtc_ex.o
 .debug_ranges  0x00000a70      0x1c8 Drivers/STM32F3xx_HAL_Driver/Src/stm32f3xx_hal_spi.o
 .debug_ranges  0x00000c38      0x1e0 Drivers/STM32F3xx_HAL_Driver/Src/stm32f3xx_hal_uart.o
 .debug_ranges  0x00000e18       0x38 Drivers/STM32F3xx_HAL_Driver/Src/stm32f3xx_hal_uart_ex.o
 .debug_ranges  0x00000e50       0x18 Lora/Utilities/delay.o
 .debug_ranges  0x00000e68       0x28 Lora/Utilities/low_power.o
 .debug_ranges  0x00000e90       0x68 Lora/Utilities/timeServer.o
 .debug_ranges  0x00000ef8       0x40 Lora/Utilities/utilities.o
 .debug_ranges  0x00000f38       0x50 Src/main.o
 .debug_ranges  0x00000f88       0x68 Src/modem.o
 .debug_ranges  0x00000ff0       0x70 Src/stm32f3xx_hal_msp.o
 .debug_ranges  0x00001060       0x98 Src/stm32f3xx_it.o
 .debug_ranges  0x000010f8       0x18 Src/system_stm32f3xx.o
 .debug_ranges  0x00001110       0x20 startup/startup_stm32f302x8.o

.debug_macro    0x00000000    0x1f4b1
 .debug_macro   0x00000000      0x418 Drivers/Components/sx1276/sx1276.o
 .debug_macro   0x00000418      0x898 Drivers/Components/sx1276/sx1276.o
 .debug_macro   0x00000cb0       0x22 Drivers/Components/sx1276/sx1276.o
 .debug_macro   0x00000cd2       0x4c Drivers/Components/sx1276/sx1276.o
 .debug_macro   0x00000d1e       0x8d Drivers/Components/sx1276/sx1276.o
 .debug_macro   0x00000dab       0x35 Drivers/Components/sx1276/sx1276.o
 .debug_macro   0x00000de0       0x9c Drivers/Components/sx1276/sx1276.o
 .debug_macro   0x00000e7c      0x174 Drivers/Components/sx1276/sx1276.o
 .debug_macro   0x00000ff0       0x4a Drivers/Components/sx1276/sx1276.o
 .debug_macro   0x0000103a       0x52 Drivers/Components/sx1276/sx1276.o
 .debug_macro   0x0000108c       0x1f Drivers/Components/sx1276/sx1276.o
 .debug_macro   0x000010ab       0x43 Drivers/Components/sx1276/sx1276.o
 .debug_macro   0x000010ee       0x20 Drivers/Components/sx1276/sx1276.o
 .debug_macro   0x0000110e      0x187 Drivers/Components/sx1276/sx1276.o
 .debug_macro   0x00001295      0x30d Drivers/Components/sx1276/sx1276.o
 .debug_macro   0x000015a2      0x1e1 Drivers/Components/sx1276/sx1276.o
 .debug_macro   0x00001783       0x22 Drivers/Components/sx1276/sx1276.o
 .debug_macro   0x000017a5       0xfd Drivers/Components/sx1276/sx1276.o
 .debug_macro   0x000018a2       0x5e Drivers/Components/sx1276/sx1276.o
 .debug_macro   0x00001900      0x1df Drivers/Components/sx1276/sx1276.o
 .debug_macro   0x00001adf       0x28 Drivers/Components/sx1276/sx1276.o
 .debug_macro   0x00001b07       0xb1 Drivers/Components/sx1276/sx1276.o
 .debug_macro   0x00001bb8       0x2f Drivers/Components/sx1276/sx1276.o
 .debug_macro   0x00001be7       0x28 Drivers/Components/sx1276/sx1276.o
 .debug_macro   0x00001c0f       0x3b Drivers/Components/sx1276/sx1276.o
 .debug_macro   0x00001c4a       0x50 Drivers/Components/sx1276/sx1276.o
 .debug_macro   0x00001c9a      0xd40 Drivers/Components/sx1276/sx1276.o
 .debug_macro   0x000029da    0x11104 Drivers/Components/sx1276/sx1276.o
 .debug_macro   0x00013ade       0x43 Drivers/Components/sx1276/sx1276.o
 .debug_macro   0x00013b21       0x1c Drivers/Components/sx1276/sx1276.o
 .debug_macro   0x00013b3d       0x35 Drivers/Components/sx1276/sx1276.o
 .debug_macro   0x00013b72       0x10 Drivers/Components/sx1276/sx1276.o
 .debug_macro   0x00013b82       0x10 Drivers/Components/sx1276/sx1276.o
 .debug_macro   0x00013b92       0x1c Drivers/Components/sx1276/sx1276.o
 .debug_macro   0x00013bae       0x52 Drivers/Components/sx1276/sx1276.o
 .debug_macro   0x00013c00       0x40 Drivers/Components/sx1276/sx1276.o
 .debug_macro   0x00013c40       0x10 Drivers/Components/sx1276/sx1276.o
 .debug_macro   0x00013c50       0x40 Drivers/Components/sx1276/sx1276.o
 .debug_macro   0x00013c90       0xd7 Drivers/Components/sx1276/sx1276.o
 .debug_macro   0x00013d67       0x16 Drivers/Components/sx1276/sx1276.o
 .debug_macro   0x00013d7d      0x18b Drivers/Components/sx1276/sx1276.o
 .debug_macro   0x00013f08       0x49 Drivers/Components/sx1276/sx1276.o
 .debug_macro   0x00013f51      0x8ff Drivers/Components/sx1276/sx1276.o
 .debug_macro   0x00014850      0x41b Drivers/Components/sx1276/sx1276.o
 .debug_macro   0x00014c6b      0x13a Drivers/Components/sx1276/sx1276.o
 .debug_macro   0x00014da5      0x161 Drivers/Components/sx1276/sx1276.o
 .debug_macro   0x00014f06      0x1bc Drivers/Components/sx1276/sx1276.o
 .debug_macro   0x000150c2       0x34 Drivers/Components/sx1276/sx1276.o
 .debug_macro   0x000150f6       0x3c Drivers/Components/sx1276/sx1276.o
 .debug_macro   0x00015132       0x57 Drivers/Components/sx1276/sx1276.o
 .debug_macro   0x00015189      0x391 Drivers/Components/sx1276/sx1276.o
 .debug_macro   0x0001551a       0xcb Drivers/Components/sx1276/sx1276.o
 .debug_macro   0x000155e5      0x1a0 Drivers/Components/sx1276/sx1276.o
 .debug_macro   0x00015785      0x202 Drivers/Components/sx1276/sx1276.o
 .debug_macro   0x00015987       0x5b Drivers/Components/sx1276/sx1276.o
 .debug_macro   0x000159e2       0x90 Drivers/Components/sx1276/sx1276.o
 .debug_macro   0x00015a72       0x82 Drivers/Components/sx1276/sx1276.o
 .debug_macro   0x00015af4       0xd3 Drivers/Components/sx1276/sx1276.o
 .debug_macro   0x00015bc7      0x2fe Drivers/Components/sx1276/sx1276.o
 .debug_macro   0x00015ec5      0x3e8 Drivers/Components/sx1276/sx1276.o
 .debug_macro   0x000162ad       0xeb Drivers/Components/sx1276/sx1276.o
 .debug_macro   0x00016398      0x2e9 Drivers/Components/sx1276/sx1276.o
 .debug_macro   0x00016681      0x566 Drivers/Components/sx1276/sx1276.o
 .debug_macro   0x00016be7       0x31 Drivers/Components/sx1276/sx1276.o
 .debug_macro   0x00016c18      0x1f0 Drivers/Components/sx1276/sx1276.o
 .debug_macro   0x00016e08      0x123 Drivers/Components/sx1276/sx1276.o
 .debug_macro   0x00016f2b       0x34 Drivers/Components/sx1276/sx1276.o
 .debug_macro   0x00016f5f       0x2e Drivers/Components/sx1276/sx1276.o
 .debug_macro   0x00016f8d       0x16 Drivers/Components/sx1276/sx1276.o
 .debug_macro   0x00016fa3       0x11 Drivers/Components/sx1276/sx1276.o
 .debug_macro   0x00016fb4       0x2e Drivers/Components/sx1276/sx1276.o
 .debug_macro   0x00016fe2     0x14ba Drivers/Components/sx1276/sx1276.o
 .debug_macro   0x0001849c      0x795 Drivers/Components/sx1276/sx1276.o
 .debug_macro   0x00018c31       0x41 Drivers/Components/sx1276/sx1276.o
 .debug_macro   0x00018c72      0x401 Drivers/Components/sx1276mb1las/sx1276mb1las.o
 .debug_macro   0x00019073       0x22 Drivers/Components/sx1276mb1las/sx1276mb1las.o
 .debug_macro   0x00019095      0x3c7 Drivers/HW/Src/hw_gpio.o
 .debug_macro   0x0001945c      0x44f Drivers/HW/Src/hw_rtc.o
 .debug_macro   0x000198ab      0x3c7 Drivers/HW/Src/hw_spi.o
 .debug_macro   0x00019c72      0x3eb Drivers/HW/Src/stm32f3xx_hw.o
 .debug_macro   0x0001a05d      0x351 Drivers/STM32F3xx_HAL_Driver/Src/stm32f3xx_hal.o
 .debug_macro   0x0001a3ae       0x87 Drivers/STM32F3xx_HAL_Driver/Src/stm32f3xx_hal.o
 .debug_macro   0x0001a435       0x44 Drivers/STM32F3xx_HAL_Driver/Src/stm32f3xx_hal.o
 .debug_macro   0x0001a479       0x35 Drivers/STM32F3xx_HAL_Driver/Src/stm32f3xx_hal.o
 .debug_macro   0x0001a4ae       0x52 Drivers/STM32F3xx_HAL_Driver/Src/stm32f3xx_hal.o
 .debug_macro   0x0001a500       0x16 Drivers/STM32F3xx_HAL_Driver/Src/stm32f3xx_hal.o
 .debug_macro   0x0001a516       0x97 Drivers/STM32F3xx_HAL_Driver/Src/stm32f3xx_hal.o
 .debug_macro   0x0001a5ad       0xfd Drivers/STM32F3xx_HAL_Driver/Src/stm32f3xx_hal.o
 .debug_macro   0x0001a6aa      0x334 Drivers/STM32F3xx_HAL_Driver/Src/stm32f3xx_hal_can.o
 .debug_macro   0x0001a9de      0x32d Drivers/STM32F3xx_HAL_Driver/Src/stm32f3xx_hal_cortex.o
 .debug_macro   0x0001ad0b      0x32d Drivers/STM32F3xx_HAL_Driver/Src/stm32f3xx_hal_dma.o
 .debug_macro   0x0001b038      0x365 Drivers/STM32F3xx_HAL_Driver/Src/stm32f3xx_hal_gpio.o
 .debug_macro   0x0001b39d      0x3f9 Drivers/STM32F3xx_HAL_Driver/Src/stm32f3xx_hal_i2c.o
 .debug_macro   0x0001b796      0x32d Drivers/STM32F3xx_HAL_Driver/Src/stm32f3xx_hal_i2c_ex.o
 .debug_macro   0x0001bac3      0x351 Drivers/STM32F3xx_HAL_Driver/Src/stm32f3xx_hal_rcc.o
 .debug_macro   0x0001be14      0x32d Drivers/STM32F3xx_HAL_Driver/Src/stm32f3xx_hal_rcc_ex.o
 .debug_macro   0x0001c141      0x32e Drivers/STM32F3xx_HAL_Driver/Src/stm32f3xx_hal_rtc.o
 .debug_macro   0x0001c46f      0x32d Drivers/STM32F3xx_HAL_Driver/Src/stm32f3xx_hal_rtc_ex.o
 .debug_macro   0x0001c79c      0x335 Drivers/STM32F3xx_HAL_Driver/Src/stm32f3xx_hal_spi.o
 .debug_macro   0x0001cad1      0x335 Drivers/STM32F3xx_HAL_Driver/Src/stm32f3xx_hal_uart.o
 .debug_macro   0x0001ce06      0x32d Drivers/STM32F3xx_HAL_Driver/Src/stm32f3xx_hal_uart_ex.o
 .debug_macro   0x0001d133      0x3d5 Lora/Utilities/delay.o
 .debug_macro   0x0001d508      0x3d1 Lora/Utilities/low_power.o
 .debug_macro   0x0001d8d9      0x3ff Lora/Utilities/timeServer.o
 .debug_macro   0x0001dcd8       0x10 Lora/Utilities/timeServer.o
 .debug_macro   0x0001dce8       0x10 Lora/Utilities/timeServer.o
 .debug_macro   0x0001dcf8       0x10 Lora/Utilities/timeServer.o
 .debug_macro   0x0001dd08       0x35 Lora/Utilities/timeServer.o
 .debug_macro   0x0001dd3d       0x10 Lora/Utilities/timeServer.o
 .debug_macro   0x0001dd4d      0x377 Lora/Utilities/utilities.o
 .debug_macro   0x0001e0c4       0x16 Lora/Utilities/utilities.o
 .debug_macro   0x0001e0da      0x10e Lora/Utilities/utilities.o
 .debug_macro   0x0001e1e8       0x8d Lora/Utilities/utilities.o
 .debug_macro   0x0001e275       0x16 Lora/Utilities/utilities.o
 .debug_macro   0x0001e28b       0x29 Lora/Utilities/utilities.o
 .debug_macro   0x0001e2b4      0x412 Src/main.o
 .debug_macro   0x0001e6c6       0x52 Src/main.o
 .debug_macro   0x0001e718      0x402 Src/modem.o
 .debug_macro   0x0001eb1a      0x32d Src/stm32f3xx_hal_msp.o
 .debug_macro   0x0001ee47      0x337 Src/stm32f3xx_it.o
 .debug_macro   0x0001f17e      0x333 Src/system_stm32f3xx.o

.debug_line     0x00000000    0x15159
 .debug_line    0x00000000     0x1053 Drivers/Components/sx1276/sx1276.o
 .debug_line    0x00001053      0xb2e Drivers/Components/sx1276mb1las/sx1276mb1las.o
 .debug_line    0x00001b81      0x9ee Drivers/HW/Src/hw_gpio.o
 .debug_line    0x0000256f      0xb58 Drivers/HW/Src/hw_rtc.o
 .debug_line    0x000030c7      0x9c7 Drivers/HW/Src/hw_spi.o
 .debug_line    0x00003a8e      0xa79 Drivers/HW/Src/stm32f3xx_hw.o
 .debug_line    0x00004507      0x997 Drivers/STM32F3xx_HAL_Driver/Src/stm32f3xx_hal.o
 .debug_line    0x00004e9e      0xcfc Drivers/STM32F3xx_HAL_Driver/Src/stm32f3xx_hal_can.o
 .debug_line    0x00005b9a      0x9a9 Drivers/STM32F3xx_HAL_Driver/Src/stm32f3xx_hal_cortex.o
 .debug_line    0x00006543      0xa41 Drivers/STM32F3xx_HAL_Driver/Src/stm32f3xx_hal_dma.o
 .debug_line    0x00006f84      0x94a Drivers/STM32F3xx_HAL_Driver/Src/stm32f3xx_hal_gpio.o
 .debug_line    0x000078ce     0x1875 Drivers/STM32F3xx_HAL_Driver/Src/stm32f3xx_hal_i2c.o
 .debug_line    0x00009143      0x956 Drivers/STM32F3xx_HAL_Driver/Src/stm32f3xx_hal_i2c_ex.o
 .debug_line    0x00009a99      0xccd Drivers/STM32F3xx_HAL_Driver/Src/stm32f3xx_hal_rcc.o
 .debug_line    0x0000a766      0xa1c Drivers/STM32F3xx_HAL_Driver/Src/stm32f3xx_hal_rcc_ex.o
 .debug_line    0x0000b182      0xbac Drivers/STM32F3xx_HAL_Driver/Src/stm32f3xx_hal_rtc.o
 .debug_line    0x0000bd2e      0xe78 Drivers/STM32F3xx_HAL_Driver/Src/stm32f3xx_hal_rtc_ex.o
 .debug_line    0x0000cba6     0x126e Drivers/STM32F3xx_HAL_Driver/Src/stm32f3xx_hal_spi.o
 .debug_line    0x0000de14     0x11dd Drivers/STM32F3xx_HAL_Driver/Src/stm32f3xx_hal_uart.o
 .debug_line    0x0000eff1      0x912 Drivers/STM32F3xx_HAL_Driver/Src/stm32f3xx_hal_uart_ex.o
 .debug_line    0x0000f903      0x98b Lora/Utilities/delay.o
 .debug_line    0x0001028e      0x9cb Lora/Utilities/low_power.o
 .debug_line    0x00010c59      0xb29 Lora/Utilities/timeServer.o
 .debug_line    0x00011782      0x922 Lora/Utilities/utilities.o
 .debug_line    0x000120a4      0xac4 Src/main.o
 .debug_line    0x00012b68      0xaa7 Src/modem.o
 .debug_line    0x0001360f      0x977 Src/stm32f3xx_hal_msp.o
 .debug_line    0x00013f86      0x929 Src/stm32f3xx_it.o
 .debug_line    0x000148af      0x82b Src/system_stm32f3xx.o
 .debug_line    0x000150da       0x7f startup/startup_stm32f302x8.o

.debug_str      0x00000000    0x94f3b
 .debug_str     0x00000000    0x8f57a Drivers/Components/sx1276/sx1276.o
                              0x8f848 (size before relaxing)
 .debug_str     0x0008f57a      0x1ac Drivers/Components/sx1276mb1las/sx1276mb1las.o
                              0x8f545 (size before relaxing)
 .debug_str     0x0008f726      0x3e0 Drivers/HW/Src/hw_gpio.o
                              0x87947 (size before relaxing)
 .debug_str     0x0008fb06      0xa37 Drivers/HW/Src/hw_rtc.o
                              0x881f9 (size before relaxing)
 .debug_str     0x0009053d      0x43a Drivers/HW/Src/hw_spi.o
                              0x87966 (size before relaxing)
 .debug_str     0x00090977      0x2b8 Drivers/HW/Src/stm32f3xx_hw.o
                              0x8792b (size before relaxing)
 .debug_str     0x00090c2f      0x3df Drivers/STM32F3xx_HAL_Driver/Src/stm32f3xx_hal.o
                              0x8689d (size before relaxing)
 .debug_str     0x0009100e      0x4fb Drivers/STM32F3xx_HAL_Driver/Src/stm32f3xx_hal_can.o
                              0x866d3 (size before relaxing)
 .debug_str     0x00091509      0x275 Drivers/STM32F3xx_HAL_Driver/Src/stm32f3xx_hal_cortex.o
                              0x86867 (size before relaxing)
 .debug_str     0x0009177e      0x24d Drivers/STM32F3xx_HAL_Driver/Src/stm32f3xx_hal_dma.o
                              0x86558 (size before relaxing)
 .debug_str     0x000919cb      0x1a3 Drivers/STM32F3xx_HAL_Driver/Src/stm32f3xx_hal_gpio.o
                              0x86447 (size before relaxing)
 .debug_str     0x00091b6e      0xfda Drivers/STM32F3xx_HAL_Driver/Src/stm32f3xx_hal_i2c.o
                              0x87376 (size before relaxing)
 .debug_str     0x00092b48       0xf3 Drivers/STM32F3xx_HAL_Driver/Src/stm32f3xx_hal_i2c_ex.o
                              0x86724 (size before relaxing)
 .debug_str     0x00092c3b      0x2a3 Drivers/STM32F3xx_HAL_Driver/Src/stm32f3xx_hal_rcc.o
                              0x86686 (size before relaxing)
 .debug_str     0x00092ede      0x1fa Drivers/STM32F3xx_HAL_Driver/Src/stm32f3xx_hal_rcc_ex.o
                              0x86434 (size before relaxing)
 .debug_str     0x000930d8      0x159 Drivers/STM32F3xx_HAL_Driver/Src/stm32f3xx_hal_rtc.o
                              0x86699 (size before relaxing)
 .debug_str     0x00093231      0x4ec Drivers/STM32F3xx_HAL_Driver/Src/stm32f3xx_hal_rtc_ex.o
                              0x869a3 (size before relaxing)
 .debug_str     0x0009371d      0x50b Drivers/STM32F3xx_HAL_Driver/Src/stm32f3xx_hal_spi.o
                              0x86ad1 (size before relaxing)
 .debug_str     0x00093c28      0x93a Drivers/STM32F3xx_HAL_Driver/Src/stm32f3xx_hal_uart.o
                              0x86df0 (size before relaxing)
 .debug_str     0x00094562       0xed Drivers/STM32F3xx_HAL_Driver/Src/stm32f3xx_hal_uart_ex.o
                              0x8677b (size before relaxing)
 .debug_str     0x0009464f       0x1a Lora/Utilities/delay.o
                              0x873fa (size before relaxing)
 .debug_str     0x00094669       0x55 Lora/Utilities/low_power.o
                              0x8750b (size before relaxing)
 .debug_str     0x000946be      0x256 Lora/Utilities/timeServer.o
                              0x877a1 (size before relaxing)
 .debug_str     0x00094914      0x14c Lora/Utilities/utilities.o
                              0x868a2 (size before relaxing)
 .debug_str     0x00094a60      0x22a Src/main.o
                              0x88b16 (size before relaxing)
 .debug_str     0x00094c8a       0xcb Src/modem.o
                              0x87cd9 (size before relaxing)
 .debug_str     0x00094d55       0x1b Src/stm32f3xx_hal_msp.o
                              0x8745e (size before relaxing)
 .debug_str     0x00094d70      0x167 Src/stm32f3xx_it.o
                              0x86778 (size before relaxing)
 .debug_str     0x00094ed7       0x64 Src/system_stm32f3xx.o
                              0x8621f (size before relaxing)

.comment        0x00000000       0x6e
 .comment       0x00000000       0x6e Drivers/Components/sx1276/sx1276.o
                                 0x6f (size before relaxing)
 .comment       0x0000006e       0x6f Drivers/Components/sx1276mb1las/sx1276mb1las.o
 .comment       0x0000006e       0x6f Drivers/HW/Src/hw_gpio.o
 .comment       0x0000006e       0x6f Drivers/HW/Src/hw_rtc.o
 .comment       0x0000006e       0x6f Drivers/HW/Src/hw_spi.o
 .comment       0x0000006e       0x6f Drivers/HW/Src/stm32f3xx_hw.o
 .comment       0x0000006e       0x6f Drivers/STM32F3xx_HAL_Driver/Src/stm32f3xx_hal.o
 .comment       0x0000006e       0x6f Drivers/STM32F3xx_HAL_Driver/Src/stm32f3xx_hal_can.o
 .comment       0x0000006e       0x6f Drivers/STM32F3xx_HAL_Driver/Src/stm32f3xx_hal_cortex.o
 .comment       0x0000006e       0x6f Drivers/STM32F3xx_HAL_Driver/Src/stm32f3xx_hal_dma.o
 .comment       0x0000006e       0x6f Drivers/STM32F3xx_HAL_Driver/Src/stm32f3xx_hal_gpio.o
 .comment       0x0000006e       0x6f Drivers/STM32F3xx_HAL_Driver/Src/stm32f3xx_hal_i2c.o
 .comment       0x0000006e       0x6f Drivers/STM32F3xx_HAL_Driver/Src/stm32f3xx_hal_i2c_ex.o
 .comment       0x0000006e       0x6f Drivers/STM32F3xx_HAL_Driver/Src/stm32f3xx_hal_rcc.o
 .comment       0x0000006e       0x6f Drivers/STM32F3xx_HAL_Driver/Src/stm32f3xx_hal_rcc_ex.o
 .comment       0x0000006e       0x6f Drivers/STM32F3xx_HAL_Driver/Src/stm32f3xx_hal_rtc.o
 .comment       0x0000006e       0x6f Drivers/STM32F3xx_HAL_Driver/Src/stm32f3xx_hal_rtc_ex.o
 .comment       0x0000006e       0x6f Drivers/STM32F3xx_HAL_Driver/Src/stm32f3xx_hal_spi.o
 .comment       0x0000006e       0x6f Drivers/STM32F3xx_HAL_Driver/Src/stm32f3xx_hal_uart.o
 .comment       0x0000006e       0x6f Drivers/STM32F3xx_HAL_Driver/Src/stm32f3xx_hal_uart_ex.o
 .comment       0x0000006e       0x6f Lora/Utilities/delay.o
 .comment       0x0000006e       0x6f Lora/Utilities/low_power.o
 .comment       0x0000006e       0x6f Lora/Utilities/timeServer.o
 .comment       0x0000006e       0x6f Lora/Utilities/utilities.o
 .comment       0x0000006e       0x6f Src/main.o
 .comment       0x0000006e       0x6f Src/modem.o
 .comment       0x0000006e       0x6f Src/stm32f3xx_hal_msp.o
 .comment       0x0000006e       0x6f Src/stm32f3xx_it.o
 .comment       0x0000006e       0x6f Src/system_stm32f3xx.o

.debug_frame    0x00000000     0x3370
 .debug_frame   0x00000000      0x418 Drivers/Components/sx1276/sx1276.o
 .debug_frame   0x00000418       0xdc Drivers/Components/sx1276mb1las/sx1276mb1las.o
 .debug_frame   0x000004f4       0xa4 Drivers/HW/Src/hw_gpio.o
 .debug_frame   0x00000598      0x1e8 Drivers/HW/Src/hw_rtc.o
 .debug_frame   0x00000780       0x80 Drivers/HW/Src/hw_spi.o
 .debug_frame   0x00000800       0xbc Drivers/HW/Src/stm32f3xx_hw.o
 .debug_frame   0x000008bc      0x198 Drivers/STM32F3xx_HAL_Driver/Src/stm32f3xx_hal.o
 .debug_frame   0x00000a54      0x1fc Drivers/STM32F3xx_HAL_Driver/Src/stm32f3xx_hal_can.o
 .debug_frame   0x00000c50      0x124 Drivers/STM32F3xx_HAL_Driver/Src/stm32f3xx_hal_cortex.o
 .debug_frame   0x00000d74      0x160 Drivers/STM32F3xx_HAL_Driver/Src/stm32f3xx_hal_dma.o
 .debug_frame   0x00000ed4       0xc4 Drivers/STM32F3xx_HAL_Driver/Src/stm32f3xx_hal_gpio.o
 .debug_frame   0x00000f98      0x81c Drivers/STM32F3xx_HAL_Driver/Src/stm32f3xx_hal_i2c.o
 .debug_frame   0x000017b4       0x80 Drivers/STM32F3xx_HAL_Driver/Src/stm32f3xx_hal_i2c_ex.o
 .debug_frame   0x00001834      0x150 Drivers/STM32F3xx_HAL_Driver/Src/stm32f3xx_hal_rcc.o
 .debug_frame   0x00001984       0x7c Drivers/STM32F3xx_HAL_Driver/Src/stm32f3xx_hal_rcc_ex.o
 .debug_frame   0x00001a00      0x204 Drivers/STM32F3xx_HAL_Driver/Src/stm32f3xx_hal_rtc.o
 .debug_frame   0x00001c04      0x368 Drivers/STM32F3xx_HAL_Driver/Src/stm32f3xx_hal_rtc_ex.o
 .debug_frame   0x00001f6c      0x5a4 Drivers/STM32F3xx_HAL_Driver/Src/stm32f3xx_hal_spi.o
 .debug_frame   0x00002510      0x578 Drivers/STM32F3xx_HAL_Driver/Src/stm32f3xx_hal_uart.o
 .debug_frame   0x00002a88       0xb4 Drivers/STM32F3xx_HAL_Driver/Src/stm32f3xx_hal_uart_ex.o
 .debug_frame   0x00002b3c       0x40 Lora/Utilities/delay.o
 .debug_frame   0x00002b7c       0x58 Lora/Utilities/low_power.o
 .debug_frame   0x00002bd4      0x134 Lora/Utilities/timeServer.o
 .debug_frame   0x00002d08       0x8c Lora/Utilities/utilities.o
 .debug_frame   0x00002d94       0xf0 Src/main.o
 .debug_frame   0x00002e84      0x13c Src/modem.o
 .debug_frame   0x00002fc0      0x154 Src/stm32f3xx_hal_msp.o
 .debug_frame   0x00003114      0x180 Src/stm32f3xx_it.o
 .debug_frame   0x00003294       0x30 Src/system_stm32f3xx.o
 .debug_frame   0x000032c4       0x2c c:/stm/eclipse/eclipse/plugins/fr.ac6.mcu.externaltools.arm-none.win32_1.13.2.201703061525/tools/compiler/bin/../lib/gcc/arm-none-eabi/5.4.1/armv7e-m/fpu\libgcc.a(_aeabi_uldivmod.o)
 .debug_frame   0x000032f0       0x34 c:/stm/eclipse/eclipse/plugins/fr.ac6.mcu.externaltools.arm-none.win32_1.13.2.201703061525/tools/compiler/bin/../lib/gcc/arm-none-eabi/5.4.1/armv7e-m/fpu\libgcc.a(_udivmoddi4.o)
 .debug_frame   0x00003324       0x2c c:/stm/eclipse/eclipse/plugins/fr.ac6.mcu.externaltools.arm-none.win32_1.13.2.201703061525/tools/compiler/bin/../lib/gcc/arm-none-eabi/5.4.1/../../../../arm-none-eabi/lib/armv7e-m/fpu\libc_nano.a(lib_a-init.o)
 .debug_frame   0x00003350       0x20 c:/stm/eclipse/eclipse/plugins/fr.ac6.mcu.externaltools.arm-none.win32_1.13.2.201703061525/tools/compiler/bin/../lib/gcc/arm-none-eabi/5.4.1/../../../../arm-none-eabi/lib/armv7e-m/fpu\libc_nano.a(lib_a-memset.o)
